Archive member included to satisfy reference by file (symbol)

/opt/st/stm32cubeide_1.5.1/plugins/com.st.stm32cube.ide.mcu.externaltools.gnu-tools-for-stm32.7-2018-q2-update.linux64_1.5.0.202011040924/tools/bin/../lib/gcc/arm-none-eabi/7.3.1/../../../../arm-none-eabi/lib/thumb/v7e-m/fpv4-sp/hard/libc_nano.a(lib_a-errno.o)
                              Core/Src/syscalls.o (__errno)
/opt/st/stm32cubeide_1.5.1/plugins/com.st.stm32cube.ide.mcu.externaltools.gnu-tools-for-stm32.7-2018-q2-update.linux64_1.5.0.202011040924/tools/bin/../lib/gcc/arm-none-eabi/7.3.1/../../../../arm-none-eabi/lib/thumb/v7e-m/fpv4-sp/hard/libc_nano.a(lib_a-exit.o)
                              /opt/st/stm32cubeide_1.5.1/plugins/com.st.stm32cube.ide.mcu.externaltools.gnu-tools-for-stm32.7-2018-q2-update.linux64_1.5.0.202011040924/tools/bin/../lib/gcc/arm-none-eabi/7.3.1/../../../../arm-none-eabi/lib/thumb/v7e-m/fpv4-sp/hard/crt0.o (exit)
/opt/st/stm32cubeide_1.5.1/plugins/com.st.stm32cube.ide.mcu.externaltools.gnu-tools-for-stm32.7-2018-q2-update.linux64_1.5.0.202011040924/tools/bin/../lib/gcc/arm-none-eabi/7.3.1/../../../../arm-none-eabi/lib/thumb/v7e-m/fpv4-sp/hard/libc_nano.a(lib_a-impure.o)
                              /opt/st/stm32cubeide_1.5.1/plugins/com.st.stm32cube.ide.mcu.externaltools.gnu-tools-for-stm32.7-2018-q2-update.linux64_1.5.0.202011040924/tools/bin/../lib/gcc/arm-none-eabi/7.3.1/../../../../arm-none-eabi/lib/thumb/v7e-m/fpv4-sp/hard/libc_nano.a(lib_a-exit.o) (_global_impure_ptr)
/opt/st/stm32cubeide_1.5.1/plugins/com.st.stm32cube.ide.mcu.externaltools.gnu-tools-for-stm32.7-2018-q2-update.linux64_1.5.0.202011040924/tools/bin/../lib/gcc/arm-none-eabi/7.3.1/../../../../arm-none-eabi/lib/thumb/v7e-m/fpv4-sp/hard/libc_nano.a(lib_a-init.o)
                              /opt/st/stm32cubeide_1.5.1/plugins/com.st.stm32cube.ide.mcu.externaltools.gnu-tools-for-stm32.7-2018-q2-update.linux64_1.5.0.202011040924/tools/bin/../lib/gcc/arm-none-eabi/7.3.1/../../../../arm-none-eabi/lib/thumb/v7e-m/fpv4-sp/hard/crt0.o (__libc_init_array)
/opt/st/stm32cubeide_1.5.1/plugins/com.st.stm32cube.ide.mcu.externaltools.gnu-tools-for-stm32.7-2018-q2-update.linux64_1.5.0.202011040924/tools/bin/../lib/gcc/arm-none-eabi/7.3.1/../../../../arm-none-eabi/lib/thumb/v7e-m/fpv4-sp/hard/libc_nano.a(lib_a-malloc.o)
                              Middlewares/ST/STM32_USB_Device_Library/Class/CDC/Src/usbd_cdc.o (malloc)
/opt/st/stm32cubeide_1.5.1/plugins/com.st.stm32cube.ide.mcu.externaltools.gnu-tools-for-stm32.7-2018-q2-update.linux64_1.5.0.202011040924/tools/bin/../lib/gcc/arm-none-eabi/7.3.1/../../../../arm-none-eabi/lib/thumb/v7e-m/fpv4-sp/hard/libc_nano.a(lib_a-memcpy-stub.o)
                              Middlewares/Third_Party/FreeRTOS/Source/CMSIS_RTOS_V2/cmsis_os2.o (memcpy)
/opt/st/stm32cubeide_1.5.1/plugins/com.st.stm32cube.ide.mcu.externaltools.gnu-tools-for-stm32.7-2018-q2-update.linux64_1.5.0.202011040924/tools/bin/../lib/gcc/arm-none-eabi/7.3.1/../../../../arm-none-eabi/lib/thumb/v7e-m/fpv4-sp/hard/libc_nano.a(lib_a-memset.o)
                              /opt/st/stm32cubeide_1.5.1/plugins/com.st.stm32cube.ide.mcu.externaltools.gnu-tools-for-stm32.7-2018-q2-update.linux64_1.5.0.202011040924/tools/bin/../lib/gcc/arm-none-eabi/7.3.1/../../../../arm-none-eabi/lib/thumb/v7e-m/fpv4-sp/hard/crt0.o (memset)
/opt/st/stm32cubeide_1.5.1/plugins/com.st.stm32cube.ide.mcu.externaltools.gnu-tools-for-stm32.7-2018-q2-update.linux64_1.5.0.202011040924/tools/bin/../lib/gcc/arm-none-eabi/7.3.1/../../../../arm-none-eabi/lib/thumb/v7e-m/fpv4-sp/hard/libc_nano.a(lib_a-nano-freer.o)
                              /opt/st/stm32cubeide_1.5.1/plugins/com.st.stm32cube.ide.mcu.externaltools.gnu-tools-for-stm32.7-2018-q2-update.linux64_1.5.0.202011040924/tools/bin/../lib/gcc/arm-none-eabi/7.3.1/../../../../arm-none-eabi/lib/thumb/v7e-m/fpv4-sp/hard/libc_nano.a(lib_a-malloc.o) (_free_r)
/opt/st/stm32cubeide_1.5.1/plugins/com.st.stm32cube.ide.mcu.externaltools.gnu-tools-for-stm32.7-2018-q2-update.linux64_1.5.0.202011040924/tools/bin/../lib/gcc/arm-none-eabi/7.3.1/../../../../arm-none-eabi/lib/thumb/v7e-m/fpv4-sp/hard/libc_nano.a(lib_a-nano-mallocr.o)
                              /opt/st/stm32cubeide_1.5.1/plugins/com.st.stm32cube.ide.mcu.externaltools.gnu-tools-for-stm32.7-2018-q2-update.linux64_1.5.0.202011040924/tools/bin/../lib/gcc/arm-none-eabi/7.3.1/../../../../arm-none-eabi/lib/thumb/v7e-m/fpv4-sp/hard/libc_nano.a(lib_a-malloc.o) (_malloc_r)
/opt/st/stm32cubeide_1.5.1/plugins/com.st.stm32cube.ide.mcu.externaltools.gnu-tools-for-stm32.7-2018-q2-update.linux64_1.5.0.202011040924/tools/bin/../lib/gcc/arm-none-eabi/7.3.1/../../../../arm-none-eabi/lib/thumb/v7e-m/fpv4-sp/hard/libc_nano.a(lib_a-sbrkr.o)
[...]
Memory Configuration

Name             Origin             Length             Attributes
RAM              0x0000000020000000 0x0000000000010000 xrw
FLASH            0x0000000008000000 0x0000000000040000 xr
*default*        0x0000000000000000 0xffffffffffffffff

Linker script and memory map

LOAD /opt/st/stm32cubeide_1.5.1/plugins/com.st.stm32cube.ide.mcu.externaltools.gnu-tools-for-stm32.7-2018-q2-update.linux64_1.5.0.202011040924/tools/bin/../lib/gcc/arm-none-eabi/7.3.1/thumb/v7e-m/fpv4-sp/hard/crti.o
LOAD /opt/st/stm32cubeide_1.5.1/plugins/com.st.stm32cube.ide.mcu.externaltools.gnu-tools-for-stm32.7-2018-q2-update.linux64_1.5.0.202011040924/tools/bin/../lib/gcc/arm-none-eabi/7.3.1/thumb/v7e-m/fpv4-sp/hard/crtbegin.o
LOAD /opt/st/stm32cubeide_1.5.1/plugins/com.st.stm32cube.ide.mcu.externaltools.gnu-tools-for-stm32.7-2018-q2-update.linux64_1.5.0.202011040924/tools/bin/../lib/gcc/arm-none-eabi/7.3.1/../../../../arm-none-eabi/lib/thumb/v7e-m/fpv4-sp/hard/crt0.o
LOAD Core/Src/freertos.o
LOAD Core/Src/main.o
LOAD Core/Src/stm32l4xx_hal_msp.o
LOAD Core/Src/stm32l4xx_hal_timebase_tim.o
LOAD Core/Src/stm32l4xx_it.o
LOAD Core/Src/syscalls.o
LOAD Core/Src/sysmem.o
LOAD Core/Src/system_stm32l4xx.o
LOAD Core/Src/tasks.o
LOAD Core/Startup/startup_stm32l432kcux.o
LOAD Drivers/STM32L4xx_HAL_Driver/Src/stm32l4xx_hal.o
LOAD Drivers/STM32L4xx_HAL_Driver/Src/stm32l4xx_hal_cortex.o
LOAD Drivers/STM32L4xx_HAL_Driver/Src/stm32l4xx_hal_dma.o
LOAD Drivers/STM32L4xx_HAL_Driver/Src/stm32l4xx_hal_dma_ex.o
LOAD Drivers/STM32L4xx_HAL_Driver/Src/stm32l4xx_hal_exti.o
LOAD Drivers/STM32L4xx_HAL_Driver/Src/stm32l4xx_hal_flash.o
LOAD Drivers/STM32L4xx_HAL_Driver/Src/stm32l4xx_hal_flash_ex.o
LOAD Drivers/STM32L4xx_HAL_Driver/Src/stm32l4xx_hal_flash_ramfunc.o
LOAD Drivers/STM32L4xx_HAL_Driver/Src/stm32l4xx_hal_gpio.o
LOAD Drivers/STM32L4xx_HAL_Driver/Src/stm32l4xx_hal_i2c.o
LOAD Drivers/STM32L4xx_HAL_Driver/Src/stm32l4xx_hal_i2c_ex.o
LOAD Drivers/STM32L4xx_HAL_Driver/Src/stm32l4xx_hal_pcd.o
LOAD Drivers/STM32L4xx_HAL_Driver/Src/stm32l4xx_hal_pcd_ex.o
LOAD Drivers/STM32L4xx_HAL_Driver/Src/stm32l4xx_hal_pwr.o
LOAD Drivers/STM32L4xx_HAL_Driver/Src/stm32l4xx_hal_pwr_ex.o
LOAD Drivers/STM32L4xx_HAL_Driver/Src/stm32l4xx_hal_rcc.o
LOAD Drivers/STM32L4xx_HAL_Driver/Src/stm32l4xx_hal_rcc_ex.o
LOAD Drivers/STM32L4xx_HAL_Driver/Src/stm32l4xx_hal_spi.o
LOAD Drivers/STM32L4xx_HAL_Driver/Src/stm32l4xx_hal_spi_ex.o
LOAD Drivers/STM32L4xx_HAL_Driver/Src/stm32l4xx_hal_tim.o
LOAD Drivers/STM32L4xx_HAL_Driver/Src/stm32l4xx_hal_tim_ex.o
LOAD Drivers/STM32L4xx_HAL_Driver/Src/stm32l4xx_hal_uart.o
LOAD Drivers/STM32L4xx_HAL_Driver/Src/stm32l4xx_hal_uart_ex.o
LOAD Drivers/STM32L4xx_HAL_Driver/Src/stm32l4xx_ll_usb.o
LOAD Middlewares/ST/STM32_USB_Device_Library/Class/CDC/Src/usbd_cdc.o
LOAD Middlewares/ST/STM32_USB_Device_Library/Core/Src/usbd_core.o
LOAD Middlewares/ST/STM32_USB_Device_Library/Core/Src/usbd_ctlreq.o
LOAD Middlewares/ST/STM32_USB_Device_Library/Core/Src/usbd_ioreq.o
LOAD Middlewares/Third_Party/FreeRTOS/Source/CMSIS_RTOS_V2/cmsis_os2.o
LOAD Middlewares/Third_Party/FreeRTOS/Source/croutine.o
LOAD Middlewares/Third_Party/FreeRTOS/Source/event_groups.o
LOAD Middlewares/Third_Party/FreeRTOS/Source/list.o
LOAD Middlewares/Third_Party/FreeRTOS/Source/queue.o
LOAD Middlewares/Third_Party/FreeRTOS/Source/stream_buffer.o
LOAD Middlewares/Third_Party/FreeRTOS/Source/tasks.o
LOAD Middlewares/Third_Party/FreeRTOS/Source/timers.o
LOAD Middlewares/Third_Party/FreeRTOS/Source/portable/GCC/ARM_CM4F/port.o
LOAD Middlewares/Third_Party/FreeRTOS/Source/portable/MemMang/heap_4.o
LOAD USB_DEVICE/App/usb_device.o
LOAD USB_DEVICE/App/usbd_cdc_if.o
LOAD USB_DEVICE/App/usbd_desc.o
LOAD USB_DEVICE/Target/usbd_conf.o
START GROUP
LOAD /opt/st/stm32cubeide_1.5.1/plugins/com.st.stm32cube.ide.mcu.externaltools.gnu-tools-for-stm32.7-2018-q2-update.linux64_1.5.0.202011040924/tools/bin/../lib/gcc/arm-none-eabi/7.3.1/../../../../arm-none-eabi/lib/thumb/v7e-m/fpv4-sp/hard/libstdc++_nano.a
LOAD /opt/st/stm32cubeide_1.5.1/plugins/com.st.stm32cube.ide.mcu.externaltools.gnu-tools-for-stm32.7-2018-q2-update.linux64_1.5.0.202011040924/tools/bin/../lib/gcc/arm-none-eabi/7.3.1/../../../../arm-none-eabi/lib/thumb/v7e-m/fpv4-sp/hard/libsupc++_nano.a
END GROUP
LOAD /opt/st/stm32cubeide_1.5.1/plugins/com.st.stm32cube.ide.mcu.externaltools.gnu-tools-for-stm32.7-2018-q2-update.linux64_1.5.0.202011040924/tools/bin/../lib/gcc/arm-none-eabi/7.3.1/../../../../arm-none-eabi/lib/thumb/v7e-m/fpv4-sp/hard/libstdc++_nano.a
LOAD /opt/st/stm32cubeide_1.5.1/plugins/com.st.stm32cube.ide.mcu.externaltools.gnu-tools-for-stm32.7-2018-q2-update.linux64_1.5.0.202011040924/tools/bin/../lib/gcc/arm-none-eabi/7.3.1/../../../../arm-none-eabi/lib/thumb/v7e-m/fpv4-sp/hard/libm.a
LOAD /opt/st/stm32cubeide_1.5.1/plugins/com.st.stm32cube.ide.mcu.externaltools.gnu-tools-for-stm32.7-2018-q2-update.linux64_1.5.0.202011040924/tools/bin/../lib/gcc/arm-none-eabi/7.3.1/../../../../arm-none-eabi/lib/thumb/v7e-m/fpv4-sp/hard/libc_nano.a
START GROUP
LOAD /opt/st/stm32cubeide_1.5.1/plugins/com.st.stm32cube.ide.mcu.externaltools.gnu-tools-for-stm32.7-2018-q2-update.linux64_1.5.0.202011040924/tools/bin/../lib/gcc/arm-none-eabi/7.3.1/thumb/v7e-m/fpv4-sp/hard/libgcc.a
LOAD /opt/st/stm32cubeide_1.5.1/plugins/com.st.stm32cube.ide.mcu.externaltools.gnu-tools-for-stm32.7-2018-q2-update.linux64_1.5.0.202011040924/tools/bin/../lib/gcc/arm-none-eabi/7.3.1/../../../../arm-none-eabi/lib/thumb/v7e-m/fpv4-sp/hard/libc_nano.a
END GROUP
START GROUP
LOAD /opt/st/stm32cubeide_1.5.1/plugins/com.st.stm32cube.ide.mcu.externaltools.gnu-tools-for-stm32.7-2018-q2-update.linux64_1.5.0.202011040924/tools/bin/../lib/gcc/arm-none-eabi/7.3.1/thumb/v7e-m/fpv4-sp/hard/libgcc.a
LOAD /opt/st/stm32cubeide_1.5.1/plugins/com.st.stm32cube.ide.mcu.externaltools.gnu-tools-for-stm32.7-2018-q2-update.linux64_1.5.0.202011040924/tools/bin/../lib/gcc/arm-none-eabi/7.3.1/../../../../arm-none-eabi/lib/thumb/v7e-m/fpv4-sp/hard/libc_nano.a
LOAD /opt/st/stm32cubeide_1.5.1/plugins/com.st.stm32cube.ide.mcu.externaltools.gnu-tools-for-stm32.7-2018-q2-update.linux64_1.5.0.202011040924/tools/bin/../lib/gcc/arm-none-eabi/7.3.1/../../../../arm-none-eabi/lib/thumb/v7e-m/fpv4-sp/hard/libnosys.a
END GROUP
START GROUP
LOAD /opt/st/stm32cubeide_1.5.1/plugins/com.st.stm32cube.ide.mcu.externaltools.gnu-tools-for-stm32.7-2018-q2-update.linux64_1.5.0.202011040924/tools/bin/../lib/gcc/arm-none-eabi/7.3.1/thumb/v7e-m/fpv4-sp/hard/libgcc.a
LOAD /opt/st/stm32cubeide_1.5.1/plugins/com.st.stm32cube.ide.mcu.externaltools.gnu-tools-for-stm32.7-2018-q2-update.linux64_1.5.0.202011040924/tools/bin/../lib/gcc/arm-none-eabi/7.3.1/../../../../arm-none-eabi/lib/thumb/v7e-m/fpv4-sp/hard/libc_nano.a
LOAD /opt/st/stm32cubeide_1.5.1/plugins/com.st.stm32cube.ide.mcu.externaltools.gnu-tools-for-stm32.7-2018-q2-update.linux64_1.5.0.202011040924/tools/bin/../lib/gcc/arm-none-eabi/7.3.1/../../../../arm-none-eabi/lib/thumb/v7e-m/fpv4-sp/hard/libnosys.a
END GROUP
LOAD /opt/st/stm32cubeide_1.5.1/plugins/com.st.stm32cube.ide.mcu.externaltools.gnu-tools-for-stm32.7-2018-q2-update.linux64_1.5.0.202011040924/tools/bin/../lib/gcc/arm-none-eabi/7.3.1/thumb/v7e-m/fpv4-sp/hard/crtend.o
LOAD /opt/st/stm32cubeide_1.5.1/plugins/com.st.stm32cube.ide.mcu.externaltools.gnu-tools-for-stm32.7-2018-q2-update.linux64_1.5.0.202011040924/tools/bin/../lib/gcc/arm-none-eabi/7.3.1/thumb/v7e-m/fpv4-sp/hard/crtn.o
                0x0000000020010000                _estack = (ORIGIN (RAM) + LENGTH (RAM))
                0x0000000000000200                _Min_Heap_Size = 0x200
                0x0000000000000400                _Min_Stack_Size = 0x400

.isr_vector     0x0000000008000000      0x18c
                0x0000000008000000                . = ALIGN (0x4)
 *(.isr_vector)
 .isr_vector    0x0000000008000000      0x18c Core/Startup/startup_stm32l432kcux.o
                0x0000000008000000                g_pfnVectors
                0x000000000800018c                . = ALIGN (0x4)

.text           0x0000000008000190     0xb924
                0x0000000008000190                . = ALIGN (0x4)
 *(.text)
 .text          0x0000000008000190       0x40 /opt/st/stm32cubeide_1.5.1/plugins/com.st.stm32cube.ide.mcu.externaltools.gnu-tools-for-stm32.7-2018-q2-update.linux64_1.5.0.202011040924/tools/bin/../lib/gcc/arm-none-eabi/7.3.1/thumb/v7e-m/fpv4-sp/hard/crtbegin.o
 .text          0x00000000080001d0       0x30 /opt/st/stm32cubeide_1.5.1/plugins/com.st.stm32cube.ide.mcu.externaltools.gnu-tools-for-stm32.7-2018-q2-update.linux64_1.5.0.202011040924/tools/bin/../lib/gcc/arm-none-eabi/7.3.1/thumb/v7e-m/fpv4-sp/hard/libgcc.a(_aeabi_uldivmod.o)
                0x00000000080001d0                __aeabi_uldivmod
 .text          0x0000000008000200      0x2cc /opt/st/stm32cubeide_1.5.1/plugins/com.st.stm32cube.ide.mcu.externaltools.gnu-tools-for-stm32.7-2018-q2-update.linux64_1.5.0.202011040924/tools/bin/../lib/gcc/arm-none-eabi/7.3.1/thumb/v7e-m/fpv4-sp/hard/libgcc.a(_udivmoddi4.o)
                0x0000000008000200                __udivmoddi4
 .text          0x00000000080004cc        0x4 /opt/st/stm32cubeide_1.5.1/plugins/com.st.stm32cube.ide.mcu.externaltools.gnu-tools-for-stm32.7-2018-q2-update.linux64_1.5.0.202011040924/tools/bin/../lib/gcc/arm-none-eabi/7.3.1/thumb/v7e-m/fpv4-sp/hard/libgcc.a(_dvmd_tls.o)
                0x00000000080004cc                __aeabi_ldiv0
                0x00000000080004cc                __aeabi_idiv0
 *(.text*)
 .text.main     0x00000000080004d0       0x4c Core/Src/main.o
                0x00000000080004d0                main
 .text.SystemClock_Config
                0x000000000800051c      0x128 Core/Src/main.o
                0x000000000800051c                SystemClock_Config
 .text.MX_SPI1_Init
                0x0000000008000644       0x7c Core/Src/main.o
 .text.MX_USART2_UART_Init
                0x00000000080006c0       0x60 Core/Src/main.o
 .text.MX_GPIO_Init
                0x0000000008000720       0x94 Core/Src/main.o
 .text.StartDefaultTask
                0x00000000080007b4       0x14 Core/Src/main.o
                0x00000000080007b4                StartDefaultTask
 .text.HAL_TIM_PeriodElapsedCallback
                0x00000000080007c8       0x24 Core/Src/main.o
                0x00000000080007c8                HAL_TIM_PeriodElapsedCallback
 .text.Error_Handler
                0x00000000080007ec        0x8 Core/Src/main.o
                0x00000000080007ec                Error_Handler
 .text.HAL_MspInit
                0x00000000080007f4       0x50 Core/Src/stm32l4xx_hal_msp.o
                0x00000000080007f4                HAL_MspInit
 .text.HAL_SPI_MspInit
                0x0000000008000844       0x84 Core/Src/stm32l4xx_hal_msp.o
                0x0000000008000844                HAL_SPI_MspInit
 .text.HAL_UART_MspInit
                0x00000000080008c8       0xa8 Core/Src/stm32l4xx_hal_msp.o
                0x00000000080008c8                HAL_UART_MspInit
 .text.HAL_InitTick
                0x0000000008000970       0xac Core/Src/stm32l4xx_hal_timebase_tim.o
                0x0000000008000970                HAL_InitTick
 .text.NMI_Handler
                0x0000000008000a1c        0x6 Core/Src/stm32l4xx_it.o
                0x0000000008000a1c                NMI_Handler
 .text.HardFault_Handler
                0x0000000008000a22        0x6 Core/Src/stm32l4xx_it.o
                0x0000000008000a22                HardFault_Handler
 .text.MemManage_Handler
                0x0000000008000a28        0x6 Core/Src/stm32l4xx_it.o
                0x0000000008000a28                MemManage_Handler
 .text.BusFault_Handler
                0x0000000008000a2e        0x6 Core/Src/stm32l4xx_it.o
                0x0000000008000a2e                BusFault_Handler
 .text.UsageFault_Handler
                0x0000000008000a34        0x6 Core/Src/stm32l4xx_it.o
                0x0000000008000a34                UsageFault_Handler
 .text.DebugMon_Handler
                0x0000000008000a3a        0xe Core/Src/stm32l4xx_it.o
                0x0000000008000a3a                DebugMon_Handler
 .text.TIM6_DAC_IRQHandler
                0x0000000008000a48       0x14 Core/Src/stm32l4xx_it.o
                0x0000000008000a48                TIM6_DAC_IRQHandler
 .text.USB_IRQHandler
                0x0000000008000a5c       0x14 Core/Src/stm32l4xx_it.o
                0x0000000008000a5c                USB_IRQHandler
 .text._sbrk    0x0000000008000a70       0x6c Core/Src/sysmem.o
                0x0000000008000a70                _sbrk
 .text.SystemInit
                0x0000000008000adc       0x6c Core/Src/system_stm32l4xx.o
                0x0000000008000adc                SystemInit
 .text._ZN9LED_flashC2Emm
                0x0000000008000b48       0x2c Core/Src/tasks.o
                0x0000000008000b48                LED_flash::LED_flash(unsigned long, unsigned long)
                0x0000000008000b48                LED_flash::LED_flash(unsigned long, unsigned long)
 .text._ZN9LED_flash4loopEv
                0x0000000008000b74       0x54 Core/Src/tasks.o
                0x0000000008000b74                LED_flash::loop()
 .text.start_task
                0x0000000008000bc8       0x24 Core/Src/tasks.o
                0x0000000008000bc8                start_task
 .text.Reset_Handler
                0x0000000008000bec       0x50 Core/Startup/startup_stm32l432kcux.o
                0x0000000008000bec                Reset_Handler
 .text.Default_Handler
                0x0000000008000c3c        0x2 Core/Startup/startup_stm32l432kcux.o
                0x0000000008000c3c                RTC_Alarm_IRQHandler
                0x0000000008000c3c                EXTI2_IRQHandler
                0x0000000008000c3c                TIM1_CC_IRQHandler
                0x0000000008000c3c                TSC_IRQHandler
                0x0000000008000c3c                TAMP_STAMP_IRQHandler
                0x0000000008000c3c                EXTI3_IRQHandler
                0x0000000008000c3c                LPTIM2_IRQHandler
                0x0000000008000c3c                I2C3_ER_IRQHandler
                0x0000000008000c3c                EXTI0_IRQHandler
                0x0000000008000c3c                CAN1_RX0_IRQHandler
                0x0000000008000c3c                FPU_IRQHandler
                0x0000000008000c3c                TIM1_UP_TIM16_IRQHandler
                0x0000000008000c3c                SPI1_IRQHandler
                0x0000000008000c3c                DMA2_Channel2_IRQHandler
                0x0000000008000c3c                DMA1_Channel4_IRQHandler
                0x0000000008000c3c                ADC1_IRQHandler
                0x0000000008000c3c                DMA1_Channel7_IRQHandler
                0x0000000008000c3c                CAN1_RX1_IRQHandler
                0x0000000008000c3c                DMA2_Channel1_IRQHandler
                0x0000000008000c3c                QUADSPI_IRQHandler
                0x0000000008000c3c                I2C1_EV_IRQHandler
                0x0000000008000c3c                DMA1_Channel6_IRQHandler
                0x0000000008000c3c                DMA2_Channel4_IRQHandler
                0x0000000008000c3c                RCC_IRQHandler
                0x0000000008000c3c                TIM1_TRG_COM_IRQHandler
                0x0000000008000c3c                DMA1_Channel1_IRQHandler
                0x0000000008000c3c                Default_Handler
                0x0000000008000c3c                DMA2_Channel7_IRQHandler
                0x0000000008000c3c                EXTI15_10_IRQHandler
                0x0000000008000c3c                TIM7_IRQHandler
                0x0000000008000c3c                I2C3_EV_IRQHandler
                0x0000000008000c3c                EXTI9_5_IRQHandler
                0x0000000008000c3c                RTC_WKUP_IRQHandler
                0x0000000008000c3c                PVD_PVM_IRQHandler
                0x0000000008000c3c                CAN1_TX_IRQHandler
                0x0000000008000c3c                DMA2_Channel5_IRQHandler
                0x0000000008000c3c                CRS_IRQHandler
                0x0000000008000c3c                DMA1_Channel5_IRQHandler
                0x0000000008000c3c                EXTI4_IRQHandler
                0x0000000008000c3c                RNG_IRQHandler
                0x0000000008000c3c                DMA1_Channel3_IRQHandler
                0x0000000008000c3c                COMP_IRQHandler
                0x0000000008000c3c                WWDG_IRQHandler
                0x0000000008000c3c                LPUART1_IRQHandler
                0x0000000008000c3c                DMA2_Channel6_IRQHandler
                0x0000000008000c3c                TIM2_IRQHandler
                0x0000000008000c3c                EXTI1_IRQHandler
                0x0000000008000c3c                USART2_IRQHandler
                0x0000000008000c3c                DMA1_Channel2_IRQHandler
                0x0000000008000c3c                CAN1_SCE_IRQHandler
                0x0000000008000c3c                FLASH_IRQHandler
                0x0000000008000c3c                USART1_IRQHandler
                0x0000000008000c3c                SPI3_IRQHandler
                0x0000000008000c3c                I2C1_ER_IRQHandler
                0x0000000008000c3c                SWPMI1_IRQHandler
                0x0000000008000c3c                LPTIM1_IRQHandler
                0x0000000008000c3c                SAI1_IRQHandler
                0x0000000008000c3c                DMA2_Channel3_IRQHandler
                0x0000000008000c3c                TIM1_BRK_TIM15_IRQHandler
 .text.HAL_Init
                0x0000000008000c3e       0x30 Drivers/STM32L4xx_HAL_Driver/Src/stm32l4xx_hal.o
                0x0000000008000c3e                HAL_Init
 *fill*         0x0000000008000c6e        0x2 
 .text.HAL_IncTick
                0x0000000008000c70       0x28 Drivers/STM32L4xx_HAL_Driver/Src/stm32l4xx_hal.o
                0x0000000008000c70                HAL_IncTick
 .text.HAL_GetTick
                0x0000000008000c98       0x18 Drivers/STM32L4xx_HAL_Driver/Src/stm32l4xx_hal.o
                0x0000000008000c98                HAL_GetTick
 .text.__NVIC_SetPriorityGrouping
                0x0000000008000cb0       0x48 Drivers/STM32L4xx_HAL_Driver/Src/stm32l4xx_hal_cortex.o
 .text.__NVIC_GetPriorityGrouping
                0x0000000008000cf8       0x1c Drivers/STM32L4xx_HAL_Driver/Src/stm32l4xx_hal_cortex.o
 .text.__NVIC_EnableIRQ
                0x0000000008000d14       0x3c Drivers/STM32L4xx_HAL_Driver/Src/stm32l4xx_hal_cortex.o
 .text.__NVIC_SetPriority
                0x0000000008000d50       0x54 Drivers/STM32L4xx_HAL_Driver/Src/stm32l4xx_hal_cortex.o
 .text.NVIC_EncodePriority
                0x0000000008000da4       0x66 Drivers/STM32L4xx_HAL_Driver/Src/stm32l4xx_hal_cortex.o
 .text.HAL_NVIC_SetPriorityGrouping
                0x0000000008000e0a       0x16 Drivers/STM32L4xx_HAL_Driver/Src/stm32l4xx_hal_cortex.o
                0x0000000008000e0a                HAL_NVIC_SetPriorityGrouping
 .text.HAL_NVIC_SetPriority
                0x0000000008000e20       0x38 Drivers/STM32L4xx_HAL_Driver/Src/stm32l4xx_hal_cortex.o
                0x0000000008000e20                HAL_NVIC_SetPriority
 .text.HAL_NVIC_EnableIRQ
                0x0000000008000e58       0x1c Drivers/STM32L4xx_HAL_Driver/Src/stm32l4xx_hal_cortex.o
                0x0000000008000e58                HAL_NVIC_EnableIRQ
 .text.HAL_GPIO_Init
                0x0000000008000e74      0x2d4 Drivers/STM32L4xx_HAL_Driver/Src/stm32l4xx_hal_gpio.o
                0x0000000008000e74                HAL_GPIO_Init
 .text.HAL_GPIO_WritePin
                0x0000000008001148       0x30 Drivers/STM32L4xx_HAL_Driver/Src/stm32l4xx_hal_gpio.o
                0x0000000008001148                HAL_GPIO_WritePin
 .text.HAL_PCD_Init
                0x0000000008001178      0x224 Drivers/STM32L4xx_HAL_Driver/Src/stm32l4xx_hal_pcd.o
                0x0000000008001178                HAL_PCD_Init
 .text.HAL_PCD_Start
                0x000000000800139c       0x44 Drivers/STM32L4xx_HAL_Driver/Src/stm32l4xx_hal_pcd.o
                0x000000000800139c                HAL_PCD_Start
 .text.HAL_PCD_IRQHandler
                0x00000000080013e0      0x29c Drivers/STM32L4xx_HAL_Driver/Src/stm32l4xx_hal_pcd.o
                0x00000000080013e0                HAL_PCD_IRQHandler
 .text.HAL_PCD_SetAddress
                0x000000000800167c       0x4a Drivers/STM32L4xx_HAL_Driver/Src/stm32l4xx_hal_pcd.o
                0x000000000800167c                HAL_PCD_SetAddress
 .text.HAL_PCD_EP_Open
                0x00000000080016c6       0xcc Drivers/STM32L4xx_HAL_Driver/Src/stm32l4xx_hal_pcd.o
                0x00000000080016c6                HAL_PCD_EP_Open
 .text.HAL_PCD_EP_Close
                0x0000000008001792       0x90 Drivers/STM32L4xx_HAL_Driver/Src/stm32l4xx_hal_pcd.o
                0x0000000008001792                HAL_PCD_EP_Close
 .text.HAL_PCD_EP_Receive
                0x0000000008001822       0x7a Drivers/STM32L4xx_HAL_Driver/Src/stm32l4xx_hal_pcd.o
                0x0000000008001822                HAL_PCD_EP_Receive
 .text.HAL_PCD_EP_GetRxCount
                0x000000000800189c       0x30 Drivers/STM32L4xx_HAL_Driver/Src/stm32l4xx_hal_pcd.o
                0x000000000800189c                HAL_PCD_EP_GetRxCount
 .text.HAL_PCD_EP_Transmit
                0x00000000080018cc       0x86 Drivers/STM32L4xx_HAL_Driver/Src/stm32l4xx_hal_pcd.o
                0x00000000080018cc                HAL_PCD_EP_Transmit
 .text.HAL_PCD_EP_SetStall
                0x0000000008001952       0xc0 Drivers/STM32L4xx_HAL_Driver/Src/stm32l4xx_hal_pcd.o
                0x0000000008001952                HAL_PCD_EP_SetStall
 .text.HAL_PCD_EP_ClrStall
                0x0000000008001a12       0xa8 Drivers/STM32L4xx_HAL_Driver/Src/stm32l4xx_hal_pcd.o
                0x0000000008001a12                HAL_PCD_EP_ClrStall
 .text.PCD_EP_ISR_Handler
                0x0000000008001aba      0x5ca Drivers/STM32L4xx_HAL_Driver/Src/stm32l4xx_hal_pcd.o
 .text.HAL_PCD_EP_DB_Receive
                0x0000000008002084      0x212 Drivers/STM32L4xx_HAL_Driver/Src/stm32l4xx_hal_pcd.o
 .text.HAL_PCD_EP_DB_Transmit
                0x0000000008002296      0x532 Drivers/STM32L4xx_HAL_Driver/Src/stm32l4xx_hal_pcd.o
 .text.HAL_PCDEx_PMAConfig
                0x00000000080027c8       0x86 Drivers/STM32L4xx_HAL_Driver/Src/stm32l4xx_hal_pcd_ex.o
                0x00000000080027c8                HAL_PCDEx_PMAConfig
 .text.HAL_PCDEx_ActivateLPM
                0x000000000800284e       0x54 Drivers/STM32L4xx_HAL_Driver/Src/stm32l4xx_hal_pcd_ex.o
                0x000000000800284e                HAL_PCDEx_ActivateLPM
 *fill*         0x00000000080028a2        0x2 
 .text.HAL_PWR_EnableBkUpAccess
                0x00000000080028a4       0x20 Drivers/STM32L4xx_HAL_Driver/Src/stm32l4xx_hal_pwr.o
                0x00000000080028a4                HAL_PWR_EnableBkUpAccess
 .text.HAL_PWREx_GetVoltageRange
                0x00000000080028c4       0x1c Drivers/STM32L4xx_HAL_Driver/Src/stm32l4xx_hal_pwr_ex.o
                0x00000000080028c4                HAL_PWREx_GetVoltageRange
 .text.HAL_PWREx_ControlVoltageScaling
                0x00000000080028e0       0xac Drivers/STM32L4xx_HAL_Driver/Src/stm32l4xx_hal_pwr_ex.o
                0x00000000080028e0                HAL_PWREx_ControlVoltageScaling
 .text.HAL_PWREx_EnableVddUSB
                0x000000000800298c       0x20 Drivers/STM32L4xx_HAL_Driver/Src/stm32l4xx_hal_pwr_ex.o
                0x000000000800298c                HAL_PWREx_EnableVddUSB
 .text.HAL_RCC_OscConfig
                0x00000000080029ac      0x840 Drivers/STM32L4xx_HAL_Driver/Src/stm32l4xx_hal_rcc.o
                0x00000000080029ac                HAL_RCC_OscConfig
 .text.HAL_RCC_ClockConfig
                0x00000000080031ec      0x1c4 Drivers/STM32L4xx_HAL_Driver/Src/stm32l4xx_hal_rcc.o
                0x00000000080031ec                HAL_RCC_ClockConfig
 .text.HAL_RCC_GetSysClockFreq
                0x00000000080033b0      0x114 Drivers/STM32L4xx_HAL_Driver/Src/stm32l4xx_hal_rcc.o
                0x00000000080033b0                HAL_RCC_GetSysClockFreq
 .text.HAL_RCC_GetHCLKFreq
                0x00000000080034c4       0x18 Drivers/STM32L4xx_HAL_Driver/Src/stm32l4xx_hal_rcc.o
                0x00000000080034c4                HAL_RCC_GetHCLKFreq
 .text.HAL_RCC_GetPCLK1Freq
                0x00000000080034dc       0x2c Drivers/STM32L4xx_HAL_Driver/Src/stm32l4xx_hal_rcc.o
                0x00000000080034dc                HAL_RCC_GetPCLK1Freq
 .text.HAL_RCC_GetPCLK2Freq
                0x0000000008003508       0x2c Drivers/STM32L4xx_HAL_Driver/Src/stm32l4xx_hal_rcc.o
                0x0000000008003508                HAL_RCC_GetPCLK2Freq
 .text.HAL_RCC_GetClockConfig
                0x0000000008003534       0x64 Drivers/STM32L4xx_HAL_Driver/Src/stm32l4xx_hal_rcc.o
                0x0000000008003534                HAL_RCC_GetClockConfig
 .text.RCC_SetFlashLatencyFromMSIRange
                0x0000000008003598       0xc0 Drivers/STM32L4xx_HAL_Driver/Src/stm32l4xx_hal_rcc.o
 .text.HAL_RCCEx_PeriphCLKConfig
                0x0000000008003658      0x3e4 Drivers/STM32L4xx_HAL_Driver/Src/stm32l4xx_hal_rcc_ex.o
                0x0000000008003658                HAL_RCCEx_PeriphCLKConfig
 .text.HAL_RCCEx_EnableMSIPLLMode
                0x0000000008003a3c       0x20 Drivers/STM32L4xx_HAL_Driver/Src/stm32l4xx_hal_rcc_ex.o
                0x0000000008003a3c                HAL_RCCEx_EnableMSIPLLMode
 .text.RCCEx_PLLSAI1_Config
                0x0000000008003a5c      0x1e0 Drivers/STM32L4xx_HAL_Driver/Src/stm32l4xx_hal_rcc_ex.o
 .text.HAL_SPI_Init
                0x0000000008003c3c      0x146 Drivers/STM32L4xx_HAL_Driver/Src/stm32l4xx_hal_spi.o
                0x0000000008003c3c                HAL_SPI_Init
 .text.HAL_TIM_Base_Init
                0x0000000008003d82       0xae Drivers/STM32L4xx_HAL_Driver/Src/stm32l4xx_hal_tim.o
                0x0000000008003d82                HAL_TIM_Base_Init
 .text.HAL_TIM_Base_MspInit
                0x0000000008003e30       0x14 Drivers/STM32L4xx_HAL_Driver/Src/stm32l4xx_hal_tim.o
                0x0000000008003e30                HAL_TIM_Base_MspInit
 .text.HAL_TIM_Base_Start_IT
                0x0000000008003e44       0xa8 Drivers/STM32L4xx_HAL_Driver/Src/stm32l4xx_hal_tim.o
                0x0000000008003e44                HAL_TIM_Base_Start_IT
 .text.HAL_TIM_IRQHandler
                0x0000000008003eec      0x23e Drivers/STM32L4xx_HAL_Driver/Src/stm32l4xx_hal_tim.o
                0x0000000008003eec                HAL_TIM_IRQHandler
 .text.HAL_TIM_OC_DelayElapsedCallback
                0x000000000800412a       0x14 Drivers/STM32L4xx_HAL_Driver/Src/stm32l4xx_hal_tim.o
                0x000000000800412a                HAL_TIM_OC_DelayElapsedCallback
 .text.HAL_TIM_IC_CaptureCallback
                0x000000000800413e       0x14 Drivers/STM32L4xx_HAL_Driver/Src/stm32l4xx_hal_tim.o
                0x000000000800413e                HAL_TIM_IC_CaptureCallback
 .text.HAL_TIM_PWM_PulseFinishedCallback
                0x0000000008004152       0x14 Drivers/STM32L4xx_HAL_Driver/Src/stm32l4xx_hal_tim.o
                0x0000000008004152                HAL_TIM_PWM_PulseFinishedCallback
 .text.HAL_TIM_TriggerCallback
                0x0000000008004166       0x14 Drivers/STM32L4xx_HAL_Driver/Src/stm32l4xx_hal_tim.o
                0x0000000008004166                HAL_TIM_TriggerCallback
 *fill*         0x000000000800417a        0x2 
 .text.TIM_Base_SetConfig
                0x000000000800417c       0xc8 Drivers/STM32L4xx_HAL_Driver/Src/stm32l4xx_hal_tim.o
                0x000000000800417c                TIM_Base_SetConfig
 .text.HAL_TIMEx_CommutCallback
                0x0000000008004244       0x14 Drivers/STM32L4xx_HAL_Driver/Src/stm32l4xx_hal_tim_ex.o
                0x0000000008004244                HAL_TIMEx_CommutCallback
 .text.HAL_TIMEx_BreakCallback
                0x0000000008004258       0x14 Drivers/STM32L4xx_HAL_Driver/Src/stm32l4xx_hal_tim_ex.o
                0x0000000008004258                HAL_TIMEx_BreakCallback
 .text.HAL_TIMEx_Break2Callback
                0x000000000800426c       0x14 Drivers/STM32L4xx_HAL_Driver/Src/stm32l4xx_hal_tim_ex.o
                0x000000000800426c                HAL_TIMEx_Break2Callback
 .text.HAL_UART_Init
                0x0000000008004280       0x9c Drivers/STM32L4xx_HAL_Driver/Src/stm32l4xx_hal_uart.o
                0x0000000008004280                HAL_UART_Init
 .text.UART_SetConfig
                0x000000000800431c      0x420 Drivers/STM32L4xx_HAL_Driver/Src/stm32l4xx_hal_uart.o
                0x000000000800431c                UART_SetConfig
 .text.UART_AdvFeatureConfig
                0x000000000800473c      0x144 Drivers/STM32L4xx_HAL_Driver/Src/stm32l4xx_hal_uart.o
                0x000000000800473c                UART_AdvFeatureConfig
 .text.UART_CheckIdleState
                0x0000000008004880       0x8a Drivers/STM32L4xx_HAL_Driver/Src/stm32l4xx_hal_uart.o
                0x0000000008004880                UART_CheckIdleState
 .text.UART_WaitOnFlagUntilTimeout
                0x000000000800490a       0xf6 Drivers/STM32L4xx_HAL_Driver/Src/stm32l4xx_hal_uart.o
                0x000000000800490a                UART_WaitOnFlagUntilTimeout
 .text.USB_CoreInit
                0x0000000008004a00       0x22 Drivers/STM32L4xx_HAL_Driver/Src/stm32l4xx_ll_usb.o
                0x0000000008004a00                USB_CoreInit
 .text.USB_EnableGlobalInt
                0x0000000008004a22       0x2e Drivers/STM32L4xx_HAL_Driver/Src/stm32l4xx_ll_usb.o
                0x0000000008004a22                USB_EnableGlobalInt
 .text.USB_DisableGlobalInt
                0x0000000008004a50       0x36 Drivers/STM32L4xx_HAL_Driver/Src/stm32l4xx_ll_usb.o
                0x0000000008004a50                USB_DisableGlobalInt
 .text.USB_SetCurrentMode
                0x0000000008004a86       0x1a Drivers/STM32L4xx_HAL_Driver/Src/stm32l4xx_ll_usb.o
                0x0000000008004a86                USB_SetCurrentMode
 .text.USB_DevInit
                0x0000000008004aa0       0x42 Drivers/STM32L4xx_HAL_Driver/Src/stm32l4xx_ll_usb.o
                0x0000000008004aa0                USB_DevInit
 *fill*         0x0000000008004ae2        0x2 
 .text.USB_ActivateEndpoint
                0x0000000008004ae4      0x6dc Drivers/STM32L4xx_HAL_Driver/Src/stm32l4xx_ll_usb.o
                0x0000000008004ae4                USB_ActivateEndpoint
 .text.USB_DeactivateEndpoint
                0x00000000080051c0      0x3da Drivers/STM32L4xx_HAL_Driver/Src/stm32l4xx_ll_usb.o
                0x00000000080051c0                USB_DeactivateEndpoint
 .text.USB_EPStartXfer
                0x000000000800559a     0x125e Drivers/STM32L4xx_HAL_Driver/Src/stm32l4xx_ll_usb.o
                0x000000000800559a                USB_EPStartXfer
 .text.USB_EPSetStall
                0x00000000080067f8       0xa2 Drivers/STM32L4xx_HAL_Driver/Src/stm32l4xx_ll_usb.o
                0x00000000080067f8                USB_EPSetStall
 .text.USB_EPClearStall
                0x000000000800689a      0x15c Drivers/STM32L4xx_HAL_Driver/Src/stm32l4xx_ll_usb.o
                0x000000000800689a                USB_EPClearStall
 .text.USB_SetDevAddress
                0x00000000080069f6       0x28 Drivers/STM32L4xx_HAL_Driver/Src/stm32l4xx_ll_usb.o
                0x00000000080069f6                USB_SetDevAddress
 .text.USB_DevConnect
                0x0000000008006a1e       0x2e Drivers/STM32L4xx_HAL_Driver/Src/stm32l4xx_ll_usb.o
                0x0000000008006a1e                USB_DevConnect
 .text.USB_DevDisconnect
                0x0000000008006a4c       0x2a Drivers/STM32L4xx_HAL_Driver/Src/stm32l4xx_ll_usb.o
                0x0000000008006a4c                USB_DevDisconnect
 .text.USB_ReadInterrupts
                0x0000000008006a76       0x20 Drivers/STM32L4xx_HAL_Driver/Src/stm32l4xx_ll_usb.o
                0x0000000008006a76                USB_ReadInterrupts
 .text.USB_EP0_OutStart
                0x0000000008006a96       0x18 Drivers/STM32L4xx_HAL_Driver/Src/stm32l4xx_ll_usb.o
                0x0000000008006a96                USB_EP0_OutStart
 .text.USB_WritePMA
                0x0000000008006aae       0x82 Drivers/STM32L4xx_HAL_Driver/Src/stm32l4xx_ll_usb.o
                0x0000000008006aae                USB_WritePMA
 .text.USB_ReadPMA
                0x0000000008006b30       0x98 Drivers/STM32L4xx_HAL_Driver/Src/stm32l4xx_ll_usb.o
                0x0000000008006b30                USB_ReadPMA
 .text.USBD_CDC_Init
                0x0000000008006bc8      0x100 Middlewares/ST/STM32_USB_Device_Library/Class/CDC/Src/usbd_cdc.o
 .text.USBD_CDC_DeInit
                0x0000000008006cc8       0x74 Middlewares/ST/STM32_USB_Device_Library/Class/CDC/Src/usbd_cdc.o
 .text.USBD_CDC_Setup
                0x0000000008006d3c      0x178 Middlewares/ST/STM32_USB_Device_Library/Class/CDC/Src/usbd_cdc.o
 .text.USBD_CDC_DataIn
                0x0000000008006eb4       0xca Middlewares/ST/STM32_USB_Device_Library/Class/CDC/Src/usbd_cdc.o
 .text.USBD_CDC_DataOut
                0x0000000008006f7e       0x56 Middlewares/ST/STM32_USB_Device_Library/Class/CDC/Src/usbd_cdc.o
 .text.USBD_CDC_EP0_RxReady
                0x0000000008006fd4       0x50 Middlewares/ST/STM32_USB_Device_Library/Class/CDC/Src/usbd_cdc.o
 .text.USBD_CDC_GetFSCfgDesc
                0x0000000008007024       0x20 Middlewares/ST/STM32_USB_Device_Library/Class/CDC/Src/usbd_cdc.o
 .text.USBD_CDC_GetHSCfgDesc
                0x0000000008007044       0x20 Middlewares/ST/STM32_USB_Device_Library/Class/CDC/Src/usbd_cdc.o
 .text.USBD_CDC_GetOtherSpeedCfgDesc
                0x0000000008007064       0x20 Middlewares/ST/STM32_USB_Device_Library/Class/CDC/Src/usbd_cdc.o
 .text.USBD_CDC_GetDeviceQualifierDescriptor
                0x0000000008007084       0x20 Middlewares/ST/STM32_USB_Device_Library/Class/CDC/Src/usbd_cdc.o
                0x0000000008007084                USBD_CDC_GetDeviceQualifierDescriptor
 .text.USBD_CDC_RegisterInterface
                0x00000000080070a4       0x2a Middlewares/ST/STM32_USB_Device_Library/Class/CDC/Src/usbd_cdc.o
                0x00000000080070a4                USBD_CDC_RegisterInterface
 .text.USBD_CDC_SetTxBuffer
                0x00000000080070ce       0x32 Middlewares/ST/STM32_USB_Device_Library/Class/CDC/Src/usbd_cdc.o
                0x00000000080070ce                USBD_CDC_SetTxBuffer
 .text.USBD_CDC_SetRxBuffer
                0x0000000008007100       0x28 Middlewares/ST/STM32_USB_Device_Library/Class/CDC/Src/usbd_cdc.o
                0x0000000008007100                USBD_CDC_SetRxBuffer
 .text.USBD_CDC_ReceivePacket
                0x0000000008007128       0x54 Middlewares/ST/STM32_USB_Device_Library/Class/CDC/Src/usbd_cdc.o
                0x0000000008007128                USBD_CDC_ReceivePacket
 .text.USBD_Init
                0x000000000800717c       0x60 Middlewares/ST/STM32_USB_Device_Library/Core/Src/usbd_core.o
                0x000000000800717c                USBD_Init
 .text.USBD_RegisterClass
                0x00000000080071dc       0x4e Middlewares/ST/STM32_USB_Device_Library/Core/Src/usbd_core.o
                0x00000000080071dc                USBD_RegisterClass
 .text.USBD_Start
                0x000000000800722a       0x18 Middlewares/ST/STM32_USB_Device_Library/Core/Src/usbd_core.o
                0x000000000800722a                USBD_Start
 .text.USBD_RunTestMode
                0x0000000008007242       0x16 Middlewares/ST/STM32_USB_Device_Library/Core/Src/usbd_core.o
                0x0000000008007242                USBD_RunTestMode
 .text.USBD_SetClassConfig
                0x0000000008007258       0x38 Middlewares/ST/STM32_USB_Device_Library/Core/Src/usbd_core.o
                0x0000000008007258                USBD_SetClassConfig
 .text.USBD_ClrClassConfig
                0x0000000008007290       0x30 Middlewares/ST/STM32_USB_Device_Library/Core/Src/usbd_core.o
                0x0000000008007290                USBD_ClrClassConfig
 .text.USBD_LL_SetupStage
                0x00000000080072c0       0xa6 Middlewares/ST/STM32_USB_Device_Library/Core/Src/usbd_core.o
                0x00000000080072c0                USBD_LL_SetupStage
 .text.USBD_LL_DataOutStage
                0x0000000008007366       0xc6 Middlewares/ST/STM32_USB_Device_Library/Core/Src/usbd_core.o
                0x0000000008007366                USBD_LL_DataOutStage
 .text.USBD_LL_DataInStage
                0x000000000800742c      0x12c Middlewares/ST/STM32_USB_Device_Library/Core/Src/usbd_core.o
                0x000000000800742c                USBD_LL_DataInStage
 .text.USBD_LL_Reset
                0x0000000008007558       0x82 Middlewares/ST/STM32_USB_Device_Library/Core/Src/usbd_core.o
                0x0000000008007558                USBD_LL_Reset
 .text.USBD_LL_SetSpeed
                0x00000000080075da       0x20 Middlewares/ST/STM32_USB_Device_Library/Core/Src/usbd_core.o
                0x00000000080075da                USBD_LL_SetSpeed
 .text.USBD_LL_Suspend
                0x00000000080075fa       0x2a Middlewares/ST/STM32_USB_Device_Library/Core/Src/usbd_core.o
                0x00000000080075fa                USBD_LL_Suspend
 .text.USBD_LL_Resume
                0x0000000008007624       0x2c Middlewares/ST/STM32_USB_Device_Library/Core/Src/usbd_core.o
                0x0000000008007624                USBD_LL_Resume
 .text.USBD_LL_SOF
                0x0000000008007650       0x34 Middlewares/ST/STM32_USB_Device_Library/Core/Src/usbd_core.o
                0x0000000008007650                USBD_LL_SOF
 .text.SWAPBYTE
                0x0000000008007684       0x3c Middlewares/ST/STM32_USB_Device_Library/Core/Src/usbd_ctlreq.o
 .text.USBD_StdDevReq
                0x00000000080076c0       0xdc Middlewares/ST/STM32_USB_Device_Library/Core/Src/usbd_ctlreq.o
                0x00000000080076c0                USBD_StdDevReq
 .text.USBD_StdItfReq
                0x000000000800779c       0x8c Middlewares/ST/STM32_USB_Device_Library/Core/Src/usbd_ctlreq.o
                0x000000000800779c                USBD_StdItfReq
 .text.USBD_StdEPReq
                0x0000000008007828      0x2ae Middlewares/ST/STM32_USB_Device_Library/Core/Src/usbd_ctlreq.o
                0x0000000008007828                USBD_StdEPReq
 *fill*         0x0000000008007ad6        0x2 
 .text.USBD_GetDescriptor
                0x0000000008007ad8      0x328 Middlewares/ST/STM32_USB_Device_Library/Core/Src/usbd_ctlreq.o
 .text.USBD_SetAddress
                0x0000000008007e00       0x84 Middlewares/ST/STM32_USB_Device_Library/Core/Src/usbd_ctlreq.o
 .text.USBD_SetConfig
                0x0000000008007e84      0x148 Middlewares/ST/STM32_USB_Device_Library/Core/Src/usbd_ctlreq.o
 .text.USBD_GetConfig
                0x0000000008007fcc       0x68 Middlewares/ST/STM32_USB_Device_Library/Core/Src/usbd_ctlreq.o
 .text.USBD_GetStatus
                0x0000000008008034       0x66 Middlewares/ST/STM32_USB_Device_Library/Core/Src/usbd_ctlreq.o
 .text.USBD_SetFeature
                0x000000000800809a       0x28 Middlewares/ST/STM32_USB_Device_Library/Core/Src/usbd_ctlreq.o
 .text.USBD_ClrFeature
                0x00000000080080c2       0x42 Middlewares/ST/STM32_USB_Device_Library/Core/Src/usbd_ctlreq.o
 .text.USBD_ParseSetupRequest
                0x0000000008008104       0x74 Middlewares/ST/STM32_USB_Device_Library/Core/Src/usbd_ctlreq.o
                0x0000000008008104                USBD_ParseSetupRequest
 .text.USBD_CtlError
                0x0000000008008178       0x22 Middlewares/ST/STM32_USB_Device_Library/Core/Src/usbd_ctlreq.o
                0x0000000008008178                USBD_CtlError
 .text.USBD_GetString
                0x000000000800819a       0x8c Middlewares/ST/STM32_USB_Device_Library/Core/Src/usbd_ctlreq.o
                0x000000000800819a                USBD_GetString
 .text.USBD_GetLen
                0x0000000008008226       0x34 Middlewares/ST/STM32_USB_Device_Library/Core/Src/usbd_ctlreq.o
 .text.USBD_CtlSendData
                0x000000000800825a       0x36 Middlewares/ST/STM32_USB_Device_Library/Core/Src/usbd_ioreq.o
                0x000000000800825a                USBD_CtlSendData
 .text.USBD_CtlContinueSendData
                0x0000000008008290       0x22 Middlewares/ST/STM32_USB_Device_Library/Core/Src/usbd_ioreq.o
                0x0000000008008290                USBD_CtlContinueSendData
 .text.USBD_CtlPrepareRx
                0x00000000080082b2       0x3a Middlewares/ST/STM32_USB_Device_Library/Core/Src/usbd_ioreq.o
                0x00000000080082b2                USBD_CtlPrepareRx
 .text.USBD_CtlContinueRx
                0x00000000080082ec       0x22 Middlewares/ST/STM32_USB_Device_Library/Core/Src/usbd_ioreq.o
                0x00000000080082ec                USBD_CtlContinueRx
 .text.USBD_CtlSendStatus
                0x000000000800830e       0x26 Middlewares/ST/STM32_USB_Device_Library/Core/Src/usbd_ioreq.o
                0x000000000800830e                USBD_CtlSendStatus
 .text.USBD_CtlReceiveStatus
                0x0000000008008334       0x26 Middlewares/ST/STM32_USB_Device_Library/Core/Src/usbd_ioreq.o
                0x0000000008008334                USBD_CtlReceiveStatus
 .text.SVC_Setup
                0x000000000800835a        0xe Middlewares/Third_Party/FreeRTOS/Source/CMSIS_RTOS_V2/cmsis_os2.o
 .text.osKernelInitialize
                0x0000000008008368       0x68 Middlewares/Third_Party/FreeRTOS/Source/CMSIS_RTOS_V2/cmsis_os2.o
                0x0000000008008368                osKernelInitialize
 .text.osKernelStart
                0x00000000080083d0       0x6c Middlewares/Third_Party/FreeRTOS/Source/CMSIS_RTOS_V2/cmsis_os2.o
                0x00000000080083d0                osKernelStart
 .text.osThreadNew
                0x000000000800843c      0x14c Middlewares/Third_Party/FreeRTOS/Source/CMSIS_RTOS_V2/cmsis_os2.o
                0x000000000800843c                osThreadNew
 .text.osDelay  0x0000000008008588       0x5c Middlewares/Third_Party/FreeRTOS/Source/CMSIS_RTOS_V2/cmsis_os2.o
                0x0000000008008588                osDelay
 .text.vApplicationGetIdleTaskMemory
                0x00000000080085e4       0x34 Middlewares/Third_Party/FreeRTOS/Source/CMSIS_RTOS_V2/cmsis_os2.o
                0x00000000080085e4                vApplicationGetIdleTaskMemory
 .text.vApplicationGetTimerTaskMemory
                0x0000000008008618       0x34 Middlewares/Third_Party/FreeRTOS/Source/CMSIS_RTOS_V2/cmsis_os2.o
                0x0000000008008618                vApplicationGetTimerTaskMemory
 .text.vListInitialise
                0x000000000800864c       0x40 Middlewares/Third_Party/FreeRTOS/Source/list.o
                0x000000000800864c                vListInitialise
 .text.vListInitialiseItem
                0x000000000800868c       0x1a Middlewares/Third_Party/FreeRTOS/Source/list.o
                0x000000000800868c                vListInitialiseItem
 .text.vListInsertEnd
                0x00000000080086a6       0x48 Middlewares/Third_Party/FreeRTOS/Source/list.o
                0x00000000080086a6                vListInsertEnd
 .text.vListInsert
                0x00000000080086ee       0x72 Middlewares/Third_Party/FreeRTOS/Source/list.o
                0x00000000080086ee                vListInsert
 .text.uxListRemove
                0x0000000008008760       0x54 Middlewares/Third_Party/FreeRTOS/Source/list.o
                0x0000000008008760                uxListRemove
 .text.xQueueGenericReset
                0x00000000080087b4       0xd0 Middlewares/Third_Party/FreeRTOS/Source/queue.o
                0x00000000080087b4                xQueueGenericReset
 .text.xQueueGenericCreateStatic
                0x0000000008008884       0xe6 Middlewares/Third_Party/FreeRTOS/Source/queue.o
                0x0000000008008884                xQueueGenericCreateStatic
 .text.prvInitialiseNewQueue
                0x000000000800896a       0x46 Middlewares/Third_Party/FreeRTOS/Source/queue.o
 .text.xQueueGenericSend
                0x00000000080089b0      0x1f4 Middlewares/Third_Party/FreeRTOS/Source/queue.o
                0x00000000080089b0                xQueueGenericSend
 .text.xQueueGenericSendFromISR
                0x0000000008008ba4      0x128 Middlewares/Third_Party/FreeRTOS/Source/queue.o
                0x0000000008008ba4                xQueueGenericSendFromISR
 .text.xQueueReceive
                0x0000000008008ccc      0x1b8 Middlewares/Third_Party/FreeRTOS/Source/queue.o
                0x0000000008008ccc                xQueueReceive
 .text.prvCopyDataToQueue
                0x0000000008008e84       0xd4 Middlewares/Third_Party/FreeRTOS/Source/queue.o
 .text.prvCopyDataFromQueue
                0x0000000008008f58       0x4c Middlewares/Third_Party/FreeRTOS/Source/queue.o
 .text.prvUnlockQueue
                0x0000000008008fa4       0xa4 Middlewares/Third_Party/FreeRTOS/Source/queue.o
 .text.prvIsQueueEmpty
                0x0000000008009048       0x2c Middlewares/Third_Party/FreeRTOS/Source/queue.o
 .text.prvIsQueueFull
                0x0000000008009074       0x30 Middlewares/Third_Party/FreeRTOS/Source/queue.o
 .text.vQueueAddToRegistry
                0x00000000080090a4       0x50 Middlewares/Third_Party/FreeRTOS/Source/queue.o
                0x00000000080090a4                vQueueAddToRegistry
 .text.vQueueWaitForMessageRestricted
                0x00000000080090f4       0x68 Middlewares/Third_Party/FreeRTOS/Source/queue.o
                0x00000000080090f4                vQueueWaitForMessageRestricted
 .text.xTaskCreateStatic
                0x000000000800915c       0xb4 Middlewares/Third_Party/FreeRTOS/Source/tasks.o
                0x000000000800915c                xTaskCreateStatic
 .text.xTaskCreate
                0x0000000008009210       0x8a Middlewares/Third_Party/FreeRTOS/Source/tasks.o
                0x0000000008009210                xTaskCreate
 .text.prvInitialiseNewTask
                0x000000000800929a      0x11c Middlewares/Third_Party/FreeRTOS/Source/tasks.o
 *fill*         0x00000000080093b6        0x2 
 .text.prvAddNewTaskToReadyList
                0x00000000080093b8       0xe0 Middlewares/Third_Party/FreeRTOS/Source/tasks.o
 .text.vTaskDelay
                0x0000000008009498       0x68 Middlewares/Third_Party/FreeRTOS/Source/tasks.o
                0x0000000008009498                vTaskDelay
 .text.vTaskStartScheduler
                0x0000000008009500       0xc8 Middlewares/Third_Party/FreeRTOS/Source/tasks.o
                0x0000000008009500                vTaskStartScheduler
 .text.vTaskSuspendAll
                0x00000000080095c8       0x1c Middlewares/Third_Party/FreeRTOS/Source/tasks.o
                0x00000000080095c8                vTaskSuspendAll
 .text.xTaskResumeAll
                0x00000000080095e4      0x138 Middlewares/Third_Party/FreeRTOS/Source/tasks.o
                0x00000000080095e4                xTaskResumeAll
 .text.xTaskGetTickCount
                0x000000000800971c       0x20 Middlewares/Third_Party/FreeRTOS/Source/tasks.o
                0x000000000800971c                xTaskGetTickCount
 .text.xTaskIncrementTick
                0x000000000800973c      0x170 Middlewares/Third_Party/FreeRTOS/Source/tasks.o
                0x000000000800973c                xTaskIncrementTick
 .text.vTaskSwitchContext
                0x00000000080098ac       0xb8 Middlewares/Third_Party/FreeRTOS/Source/tasks.o
                0x00000000080098ac                vTaskSwitchContext
 .text.vTaskPlaceOnEventList
                0x0000000008009964       0x48 Middlewares/Third_Party/FreeRTOS/Source/tasks.o
                0x0000000008009964                vTaskPlaceOnEventList
 .text.vTaskPlaceOnEventListRestricted
                0x00000000080099ac       0x54 Middlewares/Third_Party/FreeRTOS/Source/tasks.o
                0x00000000080099ac                vTaskPlaceOnEventListRestricted
 .text.xTaskRemoveFromEventList
                0x0000000008009a00       0xc4 Middlewares/Third_Party/FreeRTOS/Source/tasks.o
                0x0000000008009a00                xTaskRemoveFromEventList
 .text.vTaskInternalSetTimeOutState
                0x0000000008009ac4       0x2c Middlewares/Third_Party/FreeRTOS/Source/tasks.o
                0x0000000008009ac4                vTaskInternalSetTimeOutState
 .text.xTaskCheckForTimeOut
                0x0000000008009af0       0xc0 Middlewares/Third_Party/FreeRTOS/Source/tasks.o
                0x0000000008009af0                xTaskCheckForTimeOut
 .text.vTaskMissedYield
                0x0000000008009bb0       0x18 Middlewares/Third_Party/FreeRTOS/Source/tasks.o
                0x0000000008009bb0                vTaskMissedYield
 .text.prvIdleTask
                0x0000000008009bc8       0x30 Middlewares/Third_Party/FreeRTOS/Source/tasks.o
 .text.prvInitialiseTaskLists
                0x0000000008009bf8       0x80 Middlewares/Third_Party/FreeRTOS/Source/tasks.o
 .text.prvCheckTasksWaitingTermination
                0x0000000008009c78       0x58 Middlewares/Third_Party/FreeRTOS/Source/tasks.o
 .text.prvDeleteTCB
                0x0000000008009cd0       0x5c Middlewares/Third_Party/FreeRTOS/Source/tasks.o
 .text.prvResetNextTaskUnblockTime
                0x0000000008009d2c       0x40 Middlewares/Third_Party/FreeRTOS/Source/tasks.o
 .text.xTaskGetSchedulerState
                0x0000000008009d6c       0x3c Middlewares/Third_Party/FreeRTOS/Source/tasks.o
                0x0000000008009d6c                xTaskGetSchedulerState
 .text.xTaskPriorityDisinherit
                0x0000000008009da8       0xd8 Middlewares/Third_Party/FreeRTOS/Source/tasks.o
                0x0000000008009da8                xTaskPriorityDisinherit
 .text.prvAddCurrentTaskToDelayedList
                0x0000000008009e80       0xa8 Middlewares/Third_Party/FreeRTOS/Source/tasks.o
 .text.xTimerCreateTimerTask
                0x0000000008009f28       0x90 Middlewares/Third_Party/FreeRTOS/Source/timers.o
                0x0000000008009f28                xTimerCreateTimerTask
 .text.xTimerGenericCommand
                0x0000000008009fb8       0x98 Middlewares/Third_Party/FreeRTOS/Source/timers.o
                0x0000000008009fb8                xTimerGenericCommand
 .text.prvProcessExpiredTimer
                0x000000000800a050       0x98 Middlewares/Third_Party/FreeRTOS/Source/timers.o
 .text.prvTimerTask
                0x000000000800a0e8       0x24 Middlewares/Third_Party/FreeRTOS/Source/timers.o
 .text.prvProcessTimerOrBlockTask
                0x000000000800a10c       0x9c Middlewares/Third_Party/FreeRTOS/Source/timers.o
 .text.prvGetNextExpireTime
                0x000000000800a1a8       0x48 Middlewares/Third_Party/FreeRTOS/Source/timers.o
 .text.prvSampleTimeNow
                0x000000000800a1f0       0x40 Middlewares/Third_Party/FreeRTOS/Source/timers.o
 .text.prvInsertTimerInActiveList
                0x000000000800a230       0x84 Middlewares/Third_Party/FreeRTOS/Source/timers.o
 .text.prvProcessReceivedCommands
                0x000000000800a2b4      0x1b8 Middlewares/Third_Party/FreeRTOS/Source/timers.o
 .text.prvSwitchTimerLists
                0x000000000800a46c       0xc8 Middlewares/Third_Party/FreeRTOS/Source/timers.o
 .text.prvCheckForValidListAndQueue
                0x000000000800a534       0x80 Middlewares/Third_Party/FreeRTOS/Source/timers.o
 .text.pxPortInitialiseStack
                0x000000000800a5b4       0x68 Middlewares/Third_Party/FreeRTOS/Source/portable/GCC/ARM_CM4F/port.o
                0x000000000800a5b4                pxPortInitialiseStack
 .text.prvTaskExitError
                0x000000000800a61c       0x54 Middlewares/Third_Party/FreeRTOS/Source/portable/GCC/ARM_CM4F/port.o
 .text.SVC_Handler
                0x000000000800a670       0x28 Middlewares/Third_Party/FreeRTOS/Source/portable/GCC/ARM_CM4F/port.o
                0x000000000800a670                SVC_Handler
 .text.prvPortStartFirstTask
                0x000000000800a698       0x28 Middlewares/Third_Party/FreeRTOS/Source/portable/GCC/ARM_CM4F/port.o
 .text.xPortStartScheduler
                0x000000000800a6c0      0x13c Middlewares/Third_Party/FreeRTOS/Source/portable/GCC/ARM_CM4F/port.o
                0x000000000800a6c0                xPortStartScheduler
 .text.vPortEnterCritical
                0x000000000800a7fc       0x5c Middlewares/Third_Party/FreeRTOS/Source/portable/GCC/ARM_CM4F/port.o
                0x000000000800a7fc                vPortEnterCritical
 .text.vPortExitCritical
                0x000000000800a858       0x50 Middlewares/Third_Party/FreeRTOS/Source/portable/GCC/ARM_CM4F/port.o
                0x000000000800a858                vPortExitCritical
 *fill*         0x000000000800a8a8        0x8 
 .text.PendSV_Handler
                0x000000000800a8b0       0x68 Middlewares/Third_Party/FreeRTOS/Source/portable/GCC/ARM_CM4F/port.o
                0x000000000800a8b0                PendSV_Handler
 .text.SysTick_Handler
                0x000000000800a918       0x40 Middlewares/Third_Party/FreeRTOS/Source/portable/GCC/ARM_CM4F/port.o
                0x000000000800a918                SysTick_Handler
 .text.vPortSetupTimerInterrupt
                0x000000000800a958       0x48 Middlewares/Third_Party/FreeRTOS/Source/portable/GCC/ARM_CM4F/port.o
                0x000000000800a958                vPortSetupTimerInterrupt
 .text.vPortEnableVFP
                0x000000000800a9a0       0x14 Middlewares/Third_Party/FreeRTOS/Source/portable/GCC/ARM_CM4F/port.o
 .text.vPortValidateInterruptPriority
                0x000000000800a9b4       0x7c Middlewares/Third_Party/FreeRTOS/Source/portable/GCC/ARM_CM4F/port.o
                0x000000000800a9b4                vPortValidateInterruptPriority
 .text.pvPortMalloc
                0x000000000800aa30      0x184 Middlewares/Third_Party/FreeRTOS/Source/portable/MemMang/heap_4.o
                0x000000000800aa30                pvPortMalloc
 .text.vPortFree
                0x000000000800abb4       0xb0 Middlewares/Third_Party/FreeRTOS/Source/portable/MemMang/heap_4.o
                0x000000000800abb4                vPortFree
 .text.prvHeapInit
                0x000000000800ac64       0xc4 Middlewares/Third_Party/FreeRTOS/Source/portable/MemMang/heap_4.o
 .text.prvInsertBlockIntoFreeList
                0x000000000800ad28       0xb4 Middlewares/Third_Party/FreeRTOS/Source/portable/MemMang/heap_4.o
 .text.MX_USB_DEVICE_Init
                0x000000000800addc       0x60 USB_DEVICE/App/usb_device.o
                0x000000000800addc                MX_USB_DEVICE_Init
 .text.CDC_Init_FS
                0x000000000800ae3c       0x28 USB_DEVICE/App/usbd_cdc_if.o
 .text.CDC_DeInit_FS
                0x000000000800ae64       0x10 USB_DEVICE/App/usbd_cdc_if.o
 .text.CDC_Control_FS
                0x000000000800ae74       0xbc USB_DEVICE/App/usbd_cdc_if.o
 .text.CDC_Receive_FS
                0x000000000800af30       0x28 USB_DEVICE/App/usbd_cdc_if.o
 .text.CDC_TransmitCplt_FS
                0x000000000800af58       0x22 USB_DEVICE/App/usbd_cdc_if.o
 *fill*         0x000000000800af7a        0x2 
 .text.USBD_FS_DeviceDescriptor
                0x000000000800af7c       0x24 USB_DEVICE/App/usbd_desc.o
                0x000000000800af7c                USBD_FS_DeviceDescriptor
 .text.USBD_FS_LangIDStrDescriptor
                0x000000000800afa0       0x24 USB_DEVICE/App/usbd_desc.o
                0x000000000800afa0                USBD_FS_LangIDStrDescriptor
 .text.USBD_FS_ProductStrDescriptor
                0x000000000800afc4       0x3c USB_DEVICE/App/usbd_desc.o
                0x000000000800afc4                USBD_FS_ProductStrDescriptor
 .text.USBD_FS_ManufacturerStrDescriptor
                0x000000000800b000       0x28 USB_DEVICE/App/usbd_desc.o
                0x000000000800b000                USBD_FS_ManufacturerStrDescriptor
 .text.USBD_FS_SerialStrDescriptor
                0x000000000800b028       0x24 USB_DEVICE/App/usbd_desc.o
                0x000000000800b028                USBD_FS_SerialStrDescriptor
 .text.USBD_FS_ConfigStrDescriptor
                0x000000000800b04c       0x3c USB_DEVICE/App/usbd_desc.o
                0x000000000800b04c                USBD_FS_ConfigStrDescriptor
 .text.USBD_FS_InterfaceStrDescriptor
                0x000000000800b088       0x3c USB_DEVICE/App/usbd_desc.o
                0x000000000800b088                USBD_FS_InterfaceStrDescriptor
 .text.USBD_FS_USR_BOSDescriptor
                0x000000000800b0c4       0x24 USB_DEVICE/App/usbd_desc.o
                0x000000000800b0c4                USBD_FS_USR_BOSDescriptor
 .text.Get_SerialNum
                0x000000000800b0e8       0x58 USB_DEVICE/App/usbd_desc.o
 .text.IntToUnicode
                0x000000000800b140       0x7c USB_DEVICE/App/usbd_desc.o
 .text.HAL_PCD_MspInit
                0x000000000800b1bc       0x4c USB_DEVICE/Target/usbd_conf.o
                0x000000000800b1bc                HAL_PCD_MspInit
 .text.HAL_PCD_SetupStageCallback
                0x000000000800b208       0x24 USB_DEVICE/Target/usbd_conf.o
                0x000000000800b208                HAL_PCD_SetupStageCallback
 .text.HAL_PCD_DataOutStageCallback
                0x000000000800b22c       0x36 USB_DEVICE/Target/usbd_conf.o
                0x000000000800b22c                HAL_PCD_DataOutStageCallback
 .text.HAL_PCD_DataInStageCallback
                0x000000000800b262       0x34 USB_DEVICE/Target/usbd_conf.o
                0x000000000800b262                HAL_PCD_DataInStageCallback
 .text.HAL_PCD_SOFCallback
                0x000000000800b296       0x1c USB_DEVICE/Target/usbd_conf.o
                0x000000000800b296                HAL_PCD_SOFCallback
 .text.HAL_PCD_ResetCallback
                0x000000000800b2b2       0x3c USB_DEVICE/Target/usbd_conf.o
                0x000000000800b2b2                HAL_PCD_ResetCallback
 *fill*         0x000000000800b2ee        0x2 
 .text.HAL_PCD_SuspendCallback
                0x000000000800b2f0       0x34 USB_DEVICE/Target/usbd_conf.o
                0x000000000800b2f0                HAL_PCD_SuspendCallback
 .text.HAL_PCD_ResumeCallback
                0x000000000800b324       0x38 USB_DEVICE/Target/usbd_conf.o
                0x000000000800b324                HAL_PCD_ResumeCallback
 .text.USBD_LL_Init
                0x000000000800b35c       0xc4 USB_DEVICE/Target/usbd_conf.o
                0x000000000800b35c                USBD_LL_Init
 .text.USBD_LL_Start
                0x000000000800b420       0x64 USB_DEVICE/Target/usbd_conf.o
                0x000000000800b420                USBD_LL_Start
 .text.USBD_LL_OpenEP
                0x000000000800b484       0x7c USB_DEVICE/Target/usbd_conf.o
                0x000000000800b484                USBD_LL_OpenEP
 .text.USBD_LL_CloseEP
                0x000000000800b500       0x6c USB_DEVICE/Target/usbd_conf.o
                0x000000000800b500                USBD_LL_CloseEP
 .text.USBD_LL_StallEP
                0x000000000800b56c       0x6c USB_DEVICE/Target/usbd_conf.o
                0x000000000800b56c                USBD_LL_StallEP
 .text.USBD_LL_ClearStallEP
                0x000000000800b5d8       0x6c USB_DEVICE/Target/usbd_conf.o
                0x000000000800b5d8                USBD_LL_ClearStallEP
 .text.USBD_LL_IsStallEP
                0x000000000800b644       0x5a USB_DEVICE/Target/usbd_conf.o
                0x000000000800b644                USBD_LL_IsStallEP
 *fill*         0x000000000800b69e        0x2 
 .text.USBD_LL_SetUSBAddress
                0x000000000800b6a0       0x6c USB_DEVICE/Target/usbd_conf.o
                0x000000000800b6a0                USBD_LL_SetUSBAddress
 .text.USBD_LL_Transmit
                0x000000000800b70c       0x70 USB_DEVICE/Target/usbd_conf.o
                0x000000000800b70c                USBD_LL_Transmit
 .text.USBD_LL_PrepareReceive
                0x000000000800b77c       0x70 USB_DEVICE/Target/usbd_conf.o
                0x000000000800b77c                USBD_LL_PrepareReceive
 .text.USBD_LL_GetRxDataSize
                0x000000000800b7ec       0x26 USB_DEVICE/Target/usbd_conf.o
                0x000000000800b7ec                USBD_LL_GetRxDataSize
 *fill*         0x000000000800b812        0x2 
 .text.HAL_PCDEx_LPM_Callback
                0x000000000800b814       0x6c USB_DEVICE/Target/usbd_conf.o
                0x000000000800b814                HAL_PCDEx_LPM_Callback
 .text.SystemClockConfig_Resume
                0x000000000800b880        0xc USB_DEVICE/Target/usbd_conf.o
 .text.__errno  0x000000000800b88c        0xc /opt/st/stm32cubeide_1.5.1/plugins/com.st.stm32cube.ide.mcu.externaltools.gnu-tools-for-stm32.7-2018-q2-update.linux64_1.5.0.202011040924/tools/bin/../lib/gcc/arm-none-eabi/7.3.1/../../../../arm-none-eabi/lib/thumb/v7e-m/fpv4-sp/hard/libc_nano.a(lib_a-errno.o)
                0x000000000800b88c                __errno
 .text.__libc_init_array
                0x000000000800b898       0x48 /opt/st/stm32cubeide_1.5.1/plugins/com.st.stm32cube.ide.mcu.externaltools.gnu-tools-for-stm32.7-2018-q2-update.linux64_1.5.0.202011040924/tools/bin/../lib/gcc/arm-none-eabi/7.3.1/../../../../arm-none-eabi/lib/thumb/v7e-m/fpv4-sp/hard/libc_nano.a(lib_a-init.o)
                0x000000000800b898                __libc_init_array
 .text.malloc   0x000000000800b8e0       0x10 /opt/st/stm32cubeide_1.5.1/plugins/com.st.stm32cube.ide.mcu.externaltools.gnu-tools-for-stm32.7-2018-q2-update.linux64_1.5.0.202011040924/tools/bin/../lib/gcc/arm-none-eabi/7.3.1/../../../../arm-none-eabi/lib/thumb/v7e-m/fpv4-sp/hard/libc_nano.a(lib_a-malloc.o)
                0x000000000800b8e0                malloc
 .text.free     0x000000000800b8f0       0x10 /opt/st/stm32cubeide_1.5.1/plugins/com.st.stm32cube.ide.mcu.externaltools.gnu-tools-for-stm32.7-2018-q2-update.linux64_1.5.0.202011040924/tools/bin/../lib/gcc/arm-none-eabi/7.3.1/../../../../arm-none-eabi/lib/thumb/v7e-m/fpv4-sp/hard/libc_nano.a(lib_a-malloc.o)
                0x000000000800b8f0                free
 .text.memcpy   0x000000000800b900       0x16 /opt/st/stm32cubeide_1.5.1/plugins/com.st.stm32cube.ide.mcu.externaltools.gnu-tools-for-stm32.7-2018-q2-update.linux64_1.5.0.202011040924/tools/bin/../lib/gcc/arm-none-eabi/7.3.1/../../../../arm-none-eabi/lib/thumb/v7e-m/fpv4-sp/hard/libc_nano.a(lib_a-memcpy-stub.o)
                0x000000000800b900                memcpy
 .text.memset   0x000000000800b916       0x10 /opt/st/stm32cubeide_1.5.1/plugins/com.st.stm32cube.ide.mcu.externaltools.gnu-tools-for-stm32.7-2018-q2-update.linux64_1.5.0.202011040924/tools/bin/../lib/gcc/arm-none-eabi/7.3.1/../../../../arm-none-eabi/lib/thumb/v7e-m/fpv4-sp/hard/libc_nano.a(lib_a-memset.o)
                0x000000000800b916                memset
 *fill*         0x000000000800b926        0x2 
 .text._free_r  0x000000000800b928       0x9c /opt/st/stm32cubeide_1.5.1/plugins/com.st.stm32cube.ide.mcu.externaltools.gnu-tools-for-stm32.7-2018-q2-update.linux64_1.5.0.202011040924/tools/bin/../lib/gcc/arm-none-eabi/7.3.1/../../../../arm-none-eabi/lib/thumb/v7e-m/fpv4-sp/hard/libc_nano.a(lib_a-nano-freer.o)
                0x000000000800b928                _free_r
 .text._malloc_r
                0x000000000800b9c4       0xb4 /opt/st/stm32cubeide_1.5.1/plugins/com.st.stm32cube.ide.mcu.externaltools.gnu-tools-for-stm32.7-2018-q2-update.linux64_1.5.0.202011040924/tools/bin/../lib/gcc/arm-none-eabi/7.3.1/../../../../arm-none-eabi/lib/thumb/v7e-m/fpv4-sp/hard/libc_nano.a(lib_a-nano-mallocr.o)
                0x000000000800b9c4                _malloc_r
 .text._sbrk_r  0x000000000800ba78       0x20 /opt/st/stm32cubeide_1.5.1/plugins/com.st.stm32cube.ide.mcu.externaltools.gnu-tools-for-stm32.7-2018-q2-update.linux64_1.5.0.202011040924/tools/bin/../lib/gcc/arm-none-eabi/7.3.1/../../../../arm-none-eabi/lib/thumb/v7e-m/fpv4-sp/hard/libc_nano.a(lib_a-sbrkr.o)
                0x000000000800ba78                _sbrk_r
 .text.__malloc_lock
                0x000000000800ba98        0x2 /opt/st/stm32cubeide_1.5.1/plugins/com.st.stm32cube.ide.mcu.externaltools.gnu-tools-for-stm32.7-2018-q2-update.linux64_1.5.0.202011040924/tools/bin/../lib/gcc/arm-none-eabi/7.3.1/../../../../arm-none-eabi/lib/thumb/v7e-m/fpv4-sp/hard/libc_nano.a(lib_a-mlock.o)
                0x000000000800ba98                __malloc_lock
 .text.__malloc_unlock
                0x000000000800ba9a        0x2 /opt/st/stm32cubeide_1.5.1/plugins/com.st.stm32cube.ide.mcu.externaltools.gnu-tools-for-stm32.7-2018-q2-update.linux64_1.5.0.202011040924/tools/bin/../lib/gcc/arm-none-eabi/7.3.1/../../../../arm-none-eabi/lib/thumb/v7e-m/fpv4-sp/hard/libc_nano.a(lib_a-mlock.o)
                0x000000000800ba9a                __malloc_unlock
 *(.glue_7)
 .glue_7        0x000000000800ba9c        0x0 linker stubs
 *(.glue_7t)
 .glue_7t       0x000000000800ba9c        0x0 linker stubs
 *(.eh_frame)
 .eh_frame      0x000000000800ba9c        0x0 /opt/st/stm32cubeide_1.5.1/plugins/com.st.stm32cube.ide.mcu.externaltools.gnu-tools-for-stm32.7-2018-q2-update.linux64_1.5.0.202011040924/tools/bin/../lib/gcc/arm-none-eabi/7.3.1/thumb/v7e-m/fpv4-sp/hard/crtbegin.o
 *(.init)
 .init          0x000000000800ba9c        0x4 /opt/st/stm32cubeide_1.5.1/plugins/com.st.stm32cube.ide.mcu.externaltools.gnu-tools-for-stm32.7-2018-q2-update.linux64_1.5.0.202011040924/tools/bin/../lib/gcc/arm-none-eabi/7.3.1/thumb/v7e-m/fpv4-sp/hard/crti.o
                0x000000000800ba9c                _init
 .init          0x000000000800baa0        0x8 /opt/st/stm32cubeide_1.5.1/plugins/com.st.stm32cube.ide.mcu.externaltools.gnu-tools-for-stm32.7-2018-q2-update.linux64_1.5.0.202011040924/tools/bin/../lib/gcc/arm-none-eabi/7.3.1/thumb/v7e-m/fpv4-sp/hard/crtn.o
 *(.fini)
 .fini          0x000000000800baa8        0x4 /opt/st/stm32cubeide_1.5.1/plugins/com.st.stm32cube.ide.mcu.externaltools.gnu-tools-for-stm32.7-2018-q2-update.linux64_1.5.0.202011040924/tools/bin/../lib/gcc/arm-none-eabi/7.3.1/thumb/v7e-m/fpv4-sp/hard/crti.o
                0x000000000800baa8                _fini
 .fini          0x000000000800baac        0x8 /opt/st/stm32cubeide_1.5.1/plugins/com.st.stm32cube.ide.mcu.externaltools.gnu-tools-for-stm32.7-2018-q2-update.linux64_1.5.0.202011040924/tools/bin/../lib/gcc/arm-none-eabi/7.3.1/thumb/v7e-m/fpv4-sp/hard/crtn.o
                0x000000000800bab4                . = ALIGN (0x4)
                0x000000000800bab4                _etext = .

.vfp11_veneer   0x000000000800bab4        0x0
 .vfp11_veneer  0x000000000800bab4        0x0 linker stubs

.v4_bx          0x000000000800bab4        0x0
 .v4_bx         0x000000000800bab4        0x0 linker stubs

.iplt           0x000000000800bab4        0x0
 .iplt          0x000000000800bab4        0x0 /opt/st/stm32cubeide_1.5.1/plugins/com.st.stm32cube.ide.mcu.externaltools.gnu-tools-for-stm32.7-2018-q2-update.linux64_1.5.0.202011040924/tools/bin/../lib/gcc/arm-none-eabi/7.3.1/thumb/v7e-m/fpv4-sp/hard/crtbegin.o

.rodata         0x000000000800bab4       0xd8
                0x000000000800bab4                . = ALIGN (0x4)
 *(.rodata)
 .rodata        0x000000000800bab4        0xc Core/Src/main.o
 .rodata        0x000000000800bac0        0x5 Middlewares/Third_Party/FreeRTOS/Source/tasks.o
 *fill*         0x000000000800bac5        0x3 
 .rodata        0x000000000800bac8        0xd Middlewares/Third_Party/FreeRTOS/Source/timers.o
 *fill*         0x000000000800bad5        0x3 
 .rodata        0x000000000800bad8       0x46 USB_DEVICE/App/usbd_desc.o
 *(.rodata*)
 *fill*         0x000000000800bb1e        0x2 
 .rodata.defaultTask_attributes
                0x000000000800bb20       0x24 Core/Src/main.o
                0x000000000800bb20                defaultTask_attributes
 .rodata.AHBPrescTable
                0x000000000800bb44       0x10 Core/Src/system_stm32l4xx.o
                0x000000000800bb44                AHBPrescTable
 .rodata.APBPrescTable
                0x000000000800bb54        0x8 Core/Src/system_stm32l4xx.o
                0x000000000800bb54                APBPrescTable
 .rodata.MSIRangeTable
                0x000000000800bb5c       0x30 Core/Src/system_stm32l4xx.o
                0x000000000800bb5c                MSIRangeTable
                0x000000000800bb8c                . = ALIGN (0x4)

.ARM.extab      0x000000000800bb8c        0x0
                0x000000000800bb8c                . = ALIGN (0x4)
 *(.ARM.extab* .gnu.linkonce.armextab.*)
                0x000000000800bb8c                . = ALIGN (0x4)

.ARM            0x000000000800bb8c        0x8
                0x000000000800bb8c                . = ALIGN (0x4)
                0x000000000800bb8c                __exidx_start = .
 *(.ARM.exidx*)
 .ARM.exidx     0x000000000800bb8c        0x8 /opt/st/stm32cubeide_1.5.1/plugins/com.st.stm32cube.ide.mcu.externaltools.gnu-tools-for-stm32.7-2018-q2-update.linux64_1.5.0.202011040924/tools/bin/../lib/gcc/arm-none-eabi/7.3.1/thumb/v7e-m/fpv4-sp/hard/libgcc.a(_udivmoddi4.o)
                0x000000000800bb94                __exidx_end = .
                0x000000000800bb94                . = ALIGN (0x4)

.rel.dyn        0x000000000800bb94        0x0
 .rel.iplt      0x000000000800bb94        0x0 /opt/st/stm32cubeide_1.5.1/plugins/com.st.stm32cube.ide.mcu.externaltools.gnu-tools-for-stm32.7-2018-q2-update.linux64_1.5.0.202011040924/tools/bin/../lib/gcc/arm-none-eabi/7.3.1/thumb/v7e-m/fpv4-sp/hard/crtbegin.o

.preinit_array  0x000000000800bb94        0x0
                0x000000000800bb94                . = ALIGN (0x4)
                0x000000000800bb94                PROVIDE (__preinit_array_start = .)
 *(.preinit_array*)
                0x000000000800bb94                PROVIDE (__preinit_array_end = .)
                0x000000000800bb94                . = ALIGN (0x4)

.init_array     0x000000000800bb94        0x4
                0x000000000800bb94                . = ALIGN (0x4)
                0x000000000800bb94                PROVIDE (__init_array_start = .)
 *(SORT_BY_NAME(.init_array.*))
 *(.init_array*)
 .init_array    0x000000000800bb94        0x4 /opt/st/stm32cubeide_1.5.1/plugins/com.st.stm32cube.ide.mcu.externaltools.gnu-tools-for-stm32.7-2018-q2-update.linux64_1.5.0.202011040924/tools/bin/../lib/gcc/arm-none-eabi/7.3.1/thumb/v7e-m/fpv4-sp/hard/crtbegin.o
                0x000000000800bb98                PROVIDE (__init_array_end = .)
                0x000000000800bb98                . = ALIGN (0x4)

.fini_array     0x000000000800bb98        0x4
                0x000000000800bb98                . = ALIGN (0x4)
                [!provide]                        PROVIDE (__fini_array_start = .)
 *(SORT_BY_NAME(.fini_array.*))
 *(.fini_array*)
 .fini_array    0x000000000800bb98        0x4 /opt/st/stm32cubeide_1.5.1/plugins/com.st.stm32cube.ide.mcu.externaltools.gnu-tools-for-stm32.7-2018-q2-update.linux64_1.5.0.202011040924/tools/bin/../lib/gcc/arm-none-eabi/7.3.1/thumb/v7e-m/fpv4-sp/hard/crtbegin.o
                [!provide]                        PROVIDE (__fini_array_end = .)
                0x000000000800bb9c                . = ALIGN (0x4)
                0x000000000800bb9c                _sidata = LOADADDR (.data)

.data           0x0000000020000000      0x1f8 load address 0x000000000800bb9c
                0x0000000020000000                . = ALIGN (0x4)
                0x0000000020000000                _sdata = .
 *(.data)
 *(.data*)
 .data.SystemCoreClock
                0x0000000020000000        0x4 Core/Src/system_stm32l4xx.o
                0x0000000020000000                SystemCoreClock
 .data.uwTickPrio
                0x0000000020000004        0x4 Drivers/STM32L4xx_HAL_Driver/Src/stm32l4xx_hal.o
                0x0000000020000004                uwTickPrio
 .data.uwTickFreq
                0x0000000020000008        0x1 Drivers/STM32L4xx_HAL_Driver/Src/stm32l4xx_hal.o
                0x0000000020000008                uwTickFreq
 *fill*         0x0000000020000009        0x3 
 .data.USBD_CDC_DeviceQualifierDesc
                0x000000002000000c        0xa Middlewares/ST/STM32_USB_Device_Library/Class/CDC/Src/usbd_cdc.o
 *fill*         0x0000000020000016        0x2 
 .data.USBD_CDC
                0x0000000020000018       0x38 Middlewares/ST/STM32_USB_Device_Library/Class/CDC/Src/usbd_cdc.o
                0x0000000020000018                USBD_CDC
 .data.USBD_CDC_CfgHSDesc
                0x0000000020000050       0x43 Middlewares/ST/STM32_USB_Device_Library/Class/CDC/Src/usbd_cdc.o
 *fill*         0x0000000020000093        0x1 
 .data.USBD_CDC_CfgFSDesc
                0x0000000020000094       0x43 Middlewares/ST/STM32_USB_Device_Library/Class/CDC/Src/usbd_cdc.o
 *fill*         0x00000000200000d7        0x1 
 .data.USBD_CDC_OtherSpeedCfgDesc
                0x00000000200000d8       0x43 Middlewares/ST/STM32_USB_Device_Library/Class/CDC/Src/usbd_cdc.o
 *fill*         0x000000002000011b        0x1 
 .data.uxCriticalNesting
                0x000000002000011c        0x4 Middlewares/Third_Party/FreeRTOS/Source/portable/GCC/ARM_CM4F/port.o
 .data.USBD_Interface_fops_FS
                0x0000000020000120       0x14 USB_DEVICE/App/usbd_cdc_if.o
                0x0000000020000120                USBD_Interface_fops_FS
 .data.FS_Desc  0x0000000020000134       0x20 USB_DEVICE/App/usbd_desc.o
                0x0000000020000134                FS_Desc
 .data.USBD_FS_DeviceDesc
                0x0000000020000154       0x12 USB_DEVICE/App/usbd_desc.o
                0x0000000020000154                USBD_FS_DeviceDesc
 *fill*         0x0000000020000166        0x2 
 .data.USBD_FS_BOSDesc
                0x0000000020000168        0xc USB_DEVICE/App/usbd_desc.o
                0x0000000020000168                USBD_FS_BOSDesc
 .data.USBD_LangIDDesc
                0x0000000020000174        0x4 USB_DEVICE/App/usbd_desc.o
                0x0000000020000174                USBD_LangIDDesc
 .data.USBD_StringSerial
                0x0000000020000178       0x1a USB_DEVICE/App/usbd_desc.o
                0x0000000020000178                USBD_StringSerial
 *fill*         0x0000000020000192        0x2 
 .data._impure_ptr
                0x0000000020000194        0x4 /opt/st/stm32cubeide_1.5.1/plugins/com.st.stm32cube.ide.mcu.externaltools.gnu-tools-for-stm32.7-2018-q2-update.linux64_1.5.0.202011040924/tools/bin/../lib/gcc/arm-none-eabi/7.3.1/../../../../arm-none-eabi/lib/thumb/v7e-m/fpv4-sp/hard/libc_nano.a(lib_a-impure.o)
                0x0000000020000194                _impure_ptr
 .data.impure_data
                0x0000000020000198       0x60 /opt/st/stm32cubeide_1.5.1/plugins/com.st.stm32cube.ide.mcu.externaltools.gnu-tools-for-stm32.7-2018-q2-update.linux64_1.5.0.202011040924/tools/bin/../lib/gcc/arm-none-eabi/7.3.1/../../../../arm-none-eabi/lib/thumb/v7e-m/fpv4-sp/hard/libc_nano.a(lib_a-impure.o)
 *(.RamFunc)
 *(.RamFunc*)
                0x00000000200001f8                . = ALIGN (0x4)
                0x00000000200001f8                _edata = .

.igot.plt       0x00000000200001f8        0x0 load address 0x000000000800bd94
 .igot.plt      0x00000000200001f8        0x0 /opt/st/stm32cubeide_1.5.1/plugins/com.st.stm32cube.ide.mcu.externaltools.gnu-tools-for-stm32.7-2018-q2-update.linux64_1.5.0.202011040924/tools/bin/../lib/gcc/arm-none-eabi/7.3.1/thumb/v7e-m/fpv4-sp/hard/crtbegin.o
                0x00000000200001f8                . = ALIGN (0x4)

.bss            0x00000000200001f8     0x29fc load address 0x000000000800bd94
                0x00000000200001f8                _sbss = .
                0x00000000200001f8                __bss_start__ = _sbss
 *(.bss)
 .bss           0x00000000200001f8       0x1c /opt/st/stm32cubeide_1.5.1/plugins/com.st.stm32cube.ide.mcu.externaltools.gnu-tools-for-stm32.7-2018-q2-update.linux64_1.5.0.202011040924/tools/bin/../lib/gcc/arm-none-eabi/7.3.1/thumb/v7e-m/fpv4-sp/hard/crtbegin.o
 *(.bss*)
 .bss.__sbrk_heap_end
                0x0000000020000214        0x4 Core/Src/sysmem.o
 .bss.cfgidx.10957
                0x0000000020000218        0x1 Middlewares/ST/STM32_USB_Device_Library/Core/Src/usbd_ctlreq.o
 *fill*         0x0000000020000219        0x3 
 .bss.KernelState
                0x000000002000021c        0x4 Middlewares/Third_Party/FreeRTOS/Source/CMSIS_RTOS_V2/cmsis_os2.o
 .bss.Idle_TCB  0x0000000020000220       0x5c Middlewares/Third_Party/FreeRTOS/Source/CMSIS_RTOS_V2/cmsis_os2.o
 .bss.Idle_Stack
                0x000000002000027c      0x200 Middlewares/Third_Party/FreeRTOS/Source/CMSIS_RTOS_V2/cmsis_os2.o
 .bss.Timer_TCB
                0x000000002000047c       0x5c Middlewares/Third_Party/FreeRTOS/Source/CMSIS_RTOS_V2/cmsis_os2.o
 .bss.Timer_Stack
                0x00000000200004d8      0x400 Middlewares/Third_Party/FreeRTOS/Source/CMSIS_RTOS_V2/cmsis_os2.o
 .bss.pxCurrentTCB
                0x00000000200008d8        0x4 Middlewares/Third_Party/FreeRTOS/Source/tasks.o
                0x00000000200008d8                pxCurrentTCB
 .bss.pxReadyTasksLists
                0x00000000200008dc      0x460 Middlewares/Third_Party/FreeRTOS/Source/tasks.o
 .bss.xDelayedTaskList1
                0x0000000020000d3c       0x14 Middlewares/Third_Party/FreeRTOS/Source/tasks.o
 .bss.xDelayedTaskList2
                0x0000000020000d50       0x14 Middlewares/Third_Party/FreeRTOS/Source/tasks.o
 .bss.pxDelayedTaskList
                0x0000000020000d64        0x4 Middlewares/Third_Party/FreeRTOS/Source/tasks.o
 .bss.pxOverflowDelayedTaskList
                0x0000000020000d68        0x4 Middlewares/Third_Party/FreeRTOS/Source/tasks.o
 .bss.xPendingReadyList
                0x0000000020000d6c       0x14 Middlewares/Third_Party/FreeRTOS/Source/tasks.o
 .bss.xTasksWaitingTermination
                0x0000000020000d80       0x14 Middlewares/Third_Party/FreeRTOS/Source/tasks.o
 .bss.uxDeletedTasksWaitingCleanUp
                0x0000000020000d94        0x4 Middlewares/Third_Party/FreeRTOS/Source/tasks.o
 .bss.xSuspendedTaskList
                0x0000000020000d98       0x14 Middlewares/Third_Party/FreeRTOS/Source/tasks.o
 .bss.uxCurrentNumberOfTasks
                0x0000000020000dac        0x4 Middlewares/Third_Party/FreeRTOS/Source/tasks.o
 .bss.xTickCount
                0x0000000020000db0        0x4 Middlewares/Third_Party/FreeRTOS/Source/tasks.o
 .bss.uxTopReadyPriority
                0x0000000020000db4        0x4 Middlewares/Third_Party/FreeRTOS/Source/tasks.o
 .bss.xSchedulerRunning
                0x0000000020000db8        0x4 Middlewares/Third_Party/FreeRTOS/Source/tasks.o
 .bss.uxPendedTicks
                0x0000000020000dbc        0x4 Middlewares/Third_Party/FreeRTOS/Source/tasks.o
 .bss.xYieldPending
                0x0000000020000dc0        0x4 Middlewares/Third_Party/FreeRTOS/Source/tasks.o
 .bss.xNumOfOverflows
                0x0000000020000dc4        0x4 Middlewares/Third_Party/FreeRTOS/Source/tasks.o
 .bss.uxTaskNumber
                0x0000000020000dc8        0x4 Middlewares/Third_Party/FreeRTOS/Source/tasks.o
 .bss.xNextTaskUnblockTime
                0x0000000020000dcc        0x4 Middlewares/Third_Party/FreeRTOS/Source/tasks.o
 .bss.xIdleTaskHandle
                0x0000000020000dd0        0x4 Middlewares/Third_Party/FreeRTOS/Source/tasks.o
 .bss.uxSchedulerSuspended
                0x0000000020000dd4        0x4 Middlewares/Third_Party/FreeRTOS/Source/tasks.o
 .bss.xActiveTimerList1
                0x0000000020000dd8       0x14 Middlewares/Third_Party/FreeRTOS/Source/timers.o
 .bss.xActiveTimerList2
                0x0000000020000dec       0x14 Middlewares/Third_Party/FreeRTOS/Source/timers.o
 .bss.pxCurrentTimerList
                0x0000000020000e00        0x4 Middlewares/Third_Party/FreeRTOS/Source/timers.o
 .bss.pxOverflowTimerList
                0x0000000020000e04        0x4 Middlewares/Third_Party/FreeRTOS/Source/timers.o
 .bss.xTimerQueue
                0x0000000020000e08        0x4 Middlewares/Third_Party/FreeRTOS/Source/timers.o
 .bss.xTimerTaskHandle
                0x0000000020000e0c        0x4 Middlewares/Third_Party/FreeRTOS/Source/timers.o
 .bss.xLastTime.6741
                0x0000000020000e10        0x4 Middlewares/Third_Party/FreeRTOS/Source/timers.o
 .bss.ucStaticTimerQueueStorage.6792
                0x0000000020000e14       0xa0 Middlewares/Third_Party/FreeRTOS/Source/timers.o
 .bss.xStaticTimerQueue.6791
                0x0000000020000eb4       0x50 Middlewares/Third_Party/FreeRTOS/Source/timers.o
 .bss.ucMaxSysCallPriority
                0x0000000020000f04        0x1 Middlewares/Third_Party/FreeRTOS/Source/portable/GCC/ARM_CM4F/port.o
 *fill*         0x0000000020000f05        0x3 
 .bss.ulMaxPRIGROUPValue
                0x0000000020000f08        0x4 Middlewares/Third_Party/FreeRTOS/Source/portable/GCC/ARM_CM4F/port.o
 .bss.ucHeap    0x0000000020000f0c      0xbb8 Middlewares/Third_Party/FreeRTOS/Source/portable/MemMang/heap_4.o
 .bss.xStart    0x0000000020001ac4        0x8 Middlewares/Third_Party/FreeRTOS/Source/portable/MemMang/heap_4.o
 .bss.pxEnd     0x0000000020001acc        0x4 Middlewares/Third_Party/FreeRTOS/Source/portable/MemMang/heap_4.o
 .bss.xFreeBytesRemaining
                0x0000000020001ad0        0x4 Middlewares/Third_Party/FreeRTOS/Source/portable/MemMang/heap_4.o
 .bss.xMinimumEverFreeBytesRemaining
                0x0000000020001ad4        0x4 Middlewares/Third_Party/FreeRTOS/Source/portable/MemMang/heap_4.o
 .bss.xBlockAllocatedBit
                0x0000000020001ad8        0x4 Middlewares/Third_Party/FreeRTOS/Source/portable/MemMang/heap_4.o
 .bss.__malloc_free_list
                0x0000000020001adc        0x4 /opt/st/stm32cubeide_1.5.1/plugins/com.st.stm32cube.ide.mcu.externaltools.gnu-tools-for-stm32.7-2018-q2-update.linux64_1.5.0.202011040924/tools/bin/../lib/gcc/arm-none-eabi/7.3.1/../../../../arm-none-eabi/lib/thumb/v7e-m/fpv4-sp/hard/libc_nano.a(lib_a-nano-mallocr.o)
                0x0000000020001adc                __malloc_free_list
 .bss.__malloc_sbrk_start
                0x0000000020001ae0        0x4 /opt/st/stm32cubeide_1.5.1/plugins/com.st.stm32cube.ide.mcu.externaltools.gnu-tools-for-stm32.7-2018-q2-update.linux64_1.5.0.202011040924/tools/bin/../lib/gcc/arm-none-eabi/7.3.1/../../../../arm-none-eabi/lib/thumb/v7e-m/fpv4-sp/hard/libc_nano.a(lib_a-nano-mallocr.o)
                0x0000000020001ae0                __malloc_sbrk_start
 *(COMMON)
 COMMON         0x0000000020001ae4       0xe8 Core/Src/main.o
                0x0000000020001ae4                defaultTaskHandle
                0x0000000020001ae8                hspi1
                0x0000000020001b4c                huart2
 COMMON         0x0000000020001bcc       0x4c Core/Src/stm32l4xx_hal_timebase_tim.o
                0x0000000020001bcc                htim6
 COMMON         0x0000000020001c18        0x4 Drivers/STM32L4xx_HAL_Driver/Src/stm32l4xx_hal.o
                0x0000000020001c18                uwTick
 COMMON         0x0000000020001c1c       0x40 Middlewares/Third_Party/FreeRTOS/Source/queue.o
                0x0000000020001c1c                xQueueRegistry
 COMMON         0x0000000020001c5c      0x2d0 USB_DEVICE/App/usb_device.o
                0x0000000020001c5c                hUsbDeviceFS
 COMMON         0x0000000020001f2c      0x7d0 USB_DEVICE/App/usbd_cdc_if.o
                0x0000000020001f2c                UserRxBufferFS
                0x0000000020002314                UserTxBufferFS
 COMMON         0x00000000200026fc      0x200 USB_DEVICE/App/usbd_desc.o
                0x00000000200026fc                USBD_StrDesc
 COMMON         0x00000000200028fc      0x2f4 USB_DEVICE/Target/usbd_conf.o
                0x00000000200028fc                hpcd_USB_FS
 COMMON         0x0000000020002bf0        0x4 /opt/st/stm32cubeide_1.5.1/plugins/com.st.stm32cube.ide.mcu.externaltools.gnu-tools-for-stm32.7-2018-q2-update.linux64_1.5.0.202011040924/tools/bin/../lib/gcc/arm-none-eabi/7.3.1/../../../../arm-none-eabi/lib/thumb/v7e-m/fpv4-sp/hard/libc_nano.a(lib_a-reent.o)
                0x0000000020002bf0                errno
                0x0000000020002bf4                . = ALIGN (0x4)
                0x0000000020002bf4                _ebss = .
                0x0000000020002bf4                __bss_end__ = _ebss

._user_heap_stack
                0x0000000020002bf4      0x604 load address 0x000000000800bd94
                0x0000000020002bf8                . = ALIGN (0x8)
 *fill*         0x0000000020002bf4        0x4 
                [!provide]                        PROVIDE (end = .)
                0x0000000020002bf8                PROVIDE (_end = .)
                0x0000000020002df8                . = (. + _Min_Heap_Size)
 *fill*         0x0000000020002bf8      0x200 
                0x00000000200031f8                . = (. + _Min_Stack_Size)
 *fill*         0x0000000020002df8      0x400 
                0x00000000200031f8                . = ALIGN (0x8)

/DISCARD/
 libc.a(*)
 libm.a(*)
 libgcc.a(*)

.ARM.attributes
                0x0000000000000000       0x30
 *(.ARM.attributes)
 .ARM.attributes
                0x0000000000000000       0x22 /opt/st/stm32cubeide_1.5.1/plugins/com.st.stm32cube.ide.mcu.externaltools.gnu-tools-for-stm32.7-2018-q2-update.linux64_1.5.0.202011040924/tools/bin/../lib/gcc/arm-none-eabi/7.3.1/thumb/v7e-m/fpv4-sp/hard/crti.o
 .ARM.attributes
                0x0000000000000022       0x34 /opt/st/stm32cubeide_1.5.1/plugins/com.st.stm32cube.ide.mcu.externaltools.gnu-tools-for-stm32.7-2018-q2-update.linux64_1.5.0.202011040924/tools/bin/../lib/gcc/arm-none-eabi/7.3.1/thumb/v7e-m/fpv4-sp/hard/crtbegin.o
 .ARM.attributes
                0x0000000000000056       0x39 Core/Src/main.o
 .ARM.attributes
                0x000000000000008f       0x39 Core/Src/stm32l4xx_hal_msp.o
 .ARM.attributes
                0x00000000000000c8       0x39 Core/Src/stm32l4xx_hal_timebase_tim.o
 .ARM.attributes
                0x0000000000000101       0x39 Core/Src/stm32l4xx_it.o
 .ARM.attributes
                0x000000000000013a       0x39 Core/Src/sysmem.o
 .ARM.attributes
                0x0000000000000173       0x39 Core/Src/system_stm32l4xx.o
 .ARM.attributes
                0x00000000000001ac       0x39 Core/Src/tasks.o
 .ARM.attributes
                0x00000000000001e5       0x21 Core/Startup/startup_stm32l432kcux.o
 .ARM.attributes
                0x0000000000000206       0x39 Drivers/STM32L4xx_HAL_Driver/Src/stm32l4xx_hal.o
 .ARM.attributes
                0x000000000000023f       0x39 Drivers/STM32L4xx_HAL_Driver/Src/stm32l4xx_hal_cortex.o
 .ARM.attributes
                0x0000000000000278       0x39 Drivers/STM32L4xx_HAL_Driver/Src/stm32l4xx_hal_gpio.o
 .ARM.attributes
                0x00000000000002b1       0x39 Drivers/STM32L4xx_HAL_Driver/Src/stm32l4xx_hal_pcd.o
 .ARM.attributes
                0x00000000000002ea       0x39 Drivers/STM32L4xx_HAL_Driver/Src/stm32l4xx_hal_pcd_ex.o
 .ARM.attributes
                0x0000000000000323       0x39 Drivers/STM32L4xx_HAL_Driver/Src/stm32l4xx_hal_pwr.o
 .ARM.attributes
                0x000000000000035c       0x39 Drivers/STM32L4xx_HAL_Driver/Src/stm32l4xx_hal_pwr_ex.o
 .ARM.attributes
                0x0000000000000395       0x39 Drivers/STM32L4xx_HAL_Driver/Src/stm32l4xx_hal_rcc.o
 .ARM.attributes
                0x00000000000003ce       0x39 Drivers/STM32L4xx_HAL_Driver/Src/stm32l4xx_hal_rcc_ex.o
 .ARM.attributes
                0x0000000000000407       0x39 Drivers/STM32L4xx_HAL_Driver/Src/stm32l4xx_hal_spi.o
 .ARM.attributes
                0x0000000000000440       0x39 Drivers/STM32L4xx_HAL_Driver/Src/stm32l4xx_hal_tim.o
 .ARM.attributes
                0x0000000000000479       0x39 Drivers/STM32L4xx_HAL_Driver/Src/stm32l4xx_hal_tim_ex.o
 .ARM.attributes
                0x00000000000004b2       0x39 Drivers/STM32L4xx_HAL_Driver/Src/stm32l4xx_hal_uart.o
 .ARM.attributes
                0x00000000000004eb       0x39 Drivers/STM32L4xx_HAL_Driver/Src/stm32l4xx_ll_usb.o
 .ARM.attributes
                0x0000000000000524       0x39 Middlewares/ST/STM32_USB_Device_Library/Class/CDC/Src/usbd_cdc.o
 .ARM.attributes
                0x000000000000055d       0x39 Middlewares/ST/STM32_USB_Device_Library/Core/Src/usbd_core.o
 .ARM.attributes
                0x0000000000000596       0x39 Middlewares/ST/STM32_USB_Device_Library/Core/Src/usbd_ctlreq.o
 .ARM.attributes
                0x00000000000005cf       0x39 Middlewares/ST/STM32_USB_Device_Library/Core/Src/usbd_ioreq.o
 .ARM.attributes
                0x0000000000000608       0x39 Middlewares/Third_Party/FreeRTOS/Source/CMSIS_RTOS_V2/cmsis_os2.o
 .ARM.attributes
                0x0000000000000641       0x39 Middlewares/Third_Party/FreeRTOS/Source/list.o
 .ARM.attributes
                0x000000000000067a       0x39 Middlewares/Third_Party/FreeRTOS/Source/queue.o
 .ARM.attributes
                0x00000000000006b3       0x39 Middlewares/Third_Party/FreeRTOS/Source/tasks.o
 .ARM.attributes
                0x00000000000006ec       0x39 Middlewares/Third_Party/FreeRTOS/Source/timers.o
 .ARM.attributes
                0x0000000000000725       0x39 Middlewares/Third_Party/FreeRTOS/Source/portable/GCC/ARM_CM4F/port.o
 .ARM.attributes
                0x000000000000075e       0x39 Middlewares/Third_Party/FreeRTOS/Source/portable/MemMang/heap_4.o
 .ARM.attributes
                0x0000000000000797       0x39 USB_DEVICE/App/usb_device.o
 .ARM.attributes
                0x00000000000007d0       0x39 USB_DEVICE/App/usbd_cdc_if.o
 .ARM.attributes
                0x0000000000000809       0x39 USB_DEVICE/App/usbd_desc.o
 .ARM.attributes
                0x0000000000000842       0x39 USB_DEVICE/Target/usbd_conf.o
 .ARM.attributes
                0x000000000000087b       0x34 /opt/st/stm32cubeide_1.5.1/plugins/com.st.stm32cube.ide.mcu.externaltools.gnu-tools-for-stm32.7-2018-q2-update.linux64_1.5.0.202011040924/tools/bin/../lib/gcc/arm-none-eabi/7.3.1/../../../../arm-none-eabi/lib/thumb/v7e-m/fpv4-sp/hard/libc_nano.a(lib_a-errno.o)
 .ARM.attributes
                0x00000000000008af       0x34 /opt/st/stm32cubeide_1.5.1/plugins/com.st.stm32cube.ide.mcu.externaltools.gnu-tools-for-stm32.7-2018-q2-update.linux64_1.5.0.202011040924/tools/bin/../lib/gcc/arm-none-eabi/7.3.1/../../../../arm-none-eabi/lib/thumb/v7e-m/fpv4-sp/hard/libc_nano.a(lib_a-impure.o)
 .ARM.attributes
                0x00000000000008e3       0x34 /opt/st/stm32cubeide_1.5.1/plugins/com.st.stm32cube.ide.mcu.externaltools.gnu-tools-for-stm32.7-2018-q2-update.linux64_1.5.0.202011040924/tools/bin/../lib/gcc/arm-none-eabi/7.3.1/../../../../arm-none-eabi/lib/thumb/v7e-m/fpv4-sp/hard/libc_nano.a(lib_a-init.o)
 .ARM.attributes
                0x0000000000000917       0x34 /opt/st/stm32cubeide_1.5.1/plugins/com.st.stm32cube.ide.mcu.externaltools.gnu-tools-for-stm32.7-2018-q2-update.linux64_1.5.0.202011040924/tools/bin/../lib/gcc/arm-none-eabi/7.3.1/../../../../arm-none-eabi/lib/thumb/v7e-m/fpv4-sp/hard/libc_nano.a(lib_a-malloc.o)
 .ARM.attributes
                0x000000000000094b       0x34 /opt/st/stm32cubeide_1.5.1/plugins/com.st.stm32cube.ide.mcu.externaltools.gnu-tools-for-stm32.7-2018-q2-update.linux64_1.5.0.202011040924/tools/bin/../lib/gcc/arm-none-eabi/7.3.1/../../../../arm-none-eabi/lib/thumb/v7e-m/fpv4-sp/hard/libc_nano.a(lib_a-memcpy-stub.o)
 .ARM.attributes
                0x000000000000097f       0x34 /opt/st/stm32cubeide_1.5.1/plugins/com.st.stm32cube.ide.mcu.externaltools.gnu-tools-for-stm32.7-2018-q2-update.linux64_1.5.0.202011040924/tools/bin/../lib/gcc/arm-none-eabi/7.3.1/../../../../arm-none-eabi/lib/thumb/v7e-m/fpv4-sp/hard/libc_nano.a(lib_a-memset.o)
 .ARM.attributes
                0x00000000000009b3       0x34 /opt/st/stm32cubeide_1.5.1/plugins/com.st.stm32cube.ide.mcu.externaltools.gnu-tools-for-stm32.7-2018-q2-update.linux64_1.5.0.202011040924/tools/bin/../lib/gcc/arm-none-eabi/7.3.1/../../../../arm-none-eabi/lib/thumb/v7e-m/fpv4-sp/hard/libc_nano.a(lib_a-nano-freer.o)
 .ARM.attributes
                0x00000000000009e7       0x34 /opt/st/stm32cubeide_1.5.1/plugins/com.st.stm32cube.ide.mcu.externaltools.gnu-tools-for-stm32.7-2018-q2-update.linux64_1.5.0.202011040924/tools/bin/../lib/gcc/arm-none-eabi/7.3.1/../../../../arm-none-eabi/lib/thumb/v7e-m/fpv4-sp/hard/libc_nano.a(lib_a-nano-mallocr.o)
 .ARM.attributes
                0x0000000000000a1b       0x34 /opt/st/stm32cubeide_1.5.1/plugins/com.st.stm32cube.ide.mcu.externaltools.gnu-tools-for-stm32.7-2018-q2-update.linux64_1.5.0.202011040924/tools/bin/../lib/gcc/arm-none-eabi/7.3.1/../../../../arm-none-eabi/lib/thumb/v7e-m/fpv4-sp/hard/libc_nano.a(lib_a-sbrkr.o)
 .ARM.attributes
                0x0000000000000a4f       0x34 /opt/st/stm32cubeide_1.5.1/plugins/com.st.stm32cube.ide.mcu.externaltools.gnu-tools-for-stm32.7-2018-q2-update.linux64_1.5.0.202011040924/tools/bin/../lib/gcc/arm-none-eabi/7.3.1/../../../../arm-none-eabi/lib/thumb/v7e-m/fpv4-sp/hard/libc_nano.a(lib_a-mlock.o)
 .ARM.attributes
                0x0000000000000a83       0x34 /opt/st/stm32cubeide_1.5.1/plugins/com.st.stm32cube.ide.mcu.externaltools.gnu-tools-for-stm32.7-2018-q2-update.linux64_1.5.0.202011040924/tools/bin/../lib/gcc/arm-none-eabi/7.3.1/../../../../arm-none-eabi/lib/thumb/v7e-m/fpv4-sp/hard/libc_nano.a(lib_a-reent.o)
 .ARM.attributes
                0x0000000000000ab7       0x22 /opt/st/stm32cubeide_1.5.1/plugins/com.st.stm32cube.ide.mcu.externaltools.gnu-tools-for-stm32.7-2018-q2-update.linux64_1.5.0.202011040924/tools/bin/../lib/gcc/arm-none-eabi/7.3.1/thumb/v7e-m/fpv4-sp/hard/libgcc.a(_aeabi_uldivmod.o)
 .ARM.attributes
                0x0000000000000ad9       0x34 /opt/st/stm32cubeide_1.5.1/plugins/com.st.stm32cube.ide.mcu.externaltools.gnu-tools-for-stm32.7-2018-q2-update.linux64_1.5.0.202011040924/tools/bin/../lib/gcc/arm-none-eabi/7.3.1/thumb/v7e-m/fpv4-sp/hard/libgcc.a(_udivmoddi4.o)
 .ARM.attributes
                0x0000000000000b0d       0x22 /opt/st/stm32cubeide_1.5.1/plugins/com.st.stm32cube.ide.mcu.externaltools.gnu-tools-for-stm32.7-2018-q2-update.linux64_1.5.0.202011040924/tools/bin/../lib/gcc/arm-none-eabi/7.3.1/thumb/v7e-m/fpv4-sp/hard/libgcc.a(_dvmd_tls.o)
 .ARM.attributes
                0x0000000000000b2f       0x22 /opt/st/stm32cubeide_1.5.1/plugins/com.st.stm32cube.ide.mcu.externaltools.gnu-tools-for-stm32.7-2018-q2-update.linux64_1.5.0.202011040924/tools/bin/../lib/gcc/arm-none-eabi/7.3.1/thumb/v7e-m/fpv4-sp/hard/crtn.o
OUTPUT(USB2_CPP.elf elf32-littlearm)

.debug_info     0x0000000000000000    0x2c5e2
 .debug_info    0x0000000000000000     0x1f2e Core/Src/main.o
 .debug_info    0x0000000000001f2e     0x1040 Core/Src/stm32l4xx_hal_msp.o
 .debug_info    0x0000000000002f6e      0xd00 Core/Src/stm32l4xx_hal_timebase_tim.o
 .debug_info    0x0000000000003c6e      0xd61 Core/Src/stm32l4xx_it.o
 .debug_info    0x00000000000049cf      0x985 Core/Src/sysmem.o
 .debug_info    0x0000000000005354      0x734 Core/Src/system_stm32l4xx.o